#
# A fatal error has been detected by the Java Runtime Environment:
#
#  EXCEPTION_ACCESS_VIOLATION (0xc0000005) at pc=0x000001bec21b2bd0, pid=24060, tid=21268
#
# JRE version: OpenJDK Runtime Environment Temurin-21.0.11+10 (21.0.11+10) (build 21.0.11+10-LTS)
# Java VM: OpenJDK 64-Bit Server VM Temurin-21.0.11+10 (21.0.11+10-LTS, mixed mode, sharing, tiered, compressed oops, compressed class ptrs, g1 gc, windows-amd64)
# Problematic frame:
# v  ~BufferBlob::MethodHandles adapters 0x000001bec21b2bd0
#
# No core dump will be written. Minidumps are not enabled by default on client versions of Windows
#
# If you would like to submit a bug report, please visit:
#   https://github.com/adoptium/adoptium-support/issues
#

---------------  S U M M A R Y ------------

Command Line: -XX:+ShowCodeDetailsInExceptionMessages -agentlib:jdwp=transport=dt_socket,suspend=y,address=localhost:53179 -ea -javaagent:C:\Users\User1\eclipse\java-2026-06\eclipse\configuration\org.eclipse.osgi\258\0\.cp\lib\javaagent-shaded.jar -Dfile.encoding=UTF-8 -Dstdout.encoding=UTF-8 -Dstderr.encoding=UTF-8 org.eclipse.jdt.internal.junit.runner.RemoteTestRunner -version 3 -port 53178 -testLoaderClass org.eclipse.jdt.internal.junit6.runner.JUnit6TestLoader -loaderpluginname org.eclipse.jdt.junit6.runtime -classNames test.com.sqa.lab.ShiftCipherEncryptionTest

Host: 13th Gen Intel(R) Core(TM) i5-13500HX, 20 cores, 15G,  Windows 11 , 64 bit Build 26100 (10.0.26100.8875)
Time: Wed Jul 22 14:14:13 2026 SE Asia Standard Time elapsed time: 15093.842593 seconds (0d 4h 11m 33s)

---------------  T H R E A D  ---------------

Current thread (0x000001beb737d750):  JavaThread "main"             [_thread_in_Java, id=21268, stack(0x0000003ad2400000,0x0000003ad2500000) (1024K)]

Stack: [0x0000003ad2400000,0x0000003ad2500000],  sp=0x0000003ad24fb5d8,  free space=1005k
Native frames: (J=compiled Java code, j=interpreted, Vv=VM code, C=native code)
C  0x000001bec21b2bd0

The last pc belongs to _linkToSpecial (printed below).

siginfo: EXCEPTION_ACCESS_VIOLATION (0xc0000005), reading address 0xffffffffffffffff


Registers:
RAX=0x000001bec21891b4, RBX=0x6d6f632e74736574, RCX=0x0000003ad24fb5e0, RDX=0x0000000000000002
RSP=0x0000003ad24fb5d8, RBP=0x0000003ad24fb628, RSI=0x000001bf18459968, RDI=0x000001bf18fac5f0
R8 =0x0000000000000001, R9 =0x000001beb4f40200, R10=0x000001bed4010c70, R11=0x0000000000000002
R12=0x0000000000000000, R13=0x0000003ad24fb5d8, R14=0x0000003ad24fb648, R15=0x000001beb737d750
RIP=0x000001bec21b2bd0, EFLAGS=0x0000000000010202

XMM[0]=0x0000000000000000 0x0000000000000000
XMM[1]=0x0000000000000000 0x0000000000000000
XMM[2]=0x0000000000000000 0x0000000000000000
XMM[3]=0x0000000000000000 0x0000000000000000
XMM[4]=0x0000000000000000 0x0000000000000000
XMM[5]=0x0000000000000000 0x0000000000000000
XMM[6]=0xb080e3ca007ce89e 0xd4e6d197cc713441
XMM[7]=0xf2842b61a0894643 0x342fac4e84580439
XMM[8]=0xdab891e62b89f2c7 0xe05bcfeca337fc0d
XMM[9]=0xaec8e1c8aec8e1c8 0xaec8e1c8eddd1aa7
XMM[10]=0x0000000000000000 0x000000003f1438df
XMM[11]=0x3120eb013120eb01 0x3120eb011efe05a8
XMM[12]=0x0000000000000000 0x00000000eddd1aa7
XMM[13]=0x0000000000000000 0x0000000000000000
XMM[14]=0x0000000000000000 0x0000000000000000
XMM[15]=0x0000000000000000 0x0000000000000000
  MXCSR=0x00001fa0


Register to memory mapping:

RAX=0x000001bec21891b4 is at code_begin+3380 in an Interpreter codelet
return entry points  [0x000001bec2188480, 0x000001bec218a590]  8464 bytes
RBX=0x6d6f632e74736574 is an unknown value
RCX=0x0000003ad24fb5e0 is pointing into the stack for thread: 0x000001beb737d750
RDX=0x0000000000000002 is an unknown value
RSP=0x0000003ad24fb5d8 is pointing into the stack for thread: 0x000001beb737d750
RBP=0x0000003ad24fb628 is pointing into the stack for thread: 0x000001beb737d750
RSI=0x000001bf18459968 points into unknown readable memory: 0x880008be0e1f21c2 | c2 21 1f 0e be 08 00 88
RDI=0x000001bf18fac5f0 points into unknown readable memory: 0x0000001800000070 | 70 00 00 00 18 00 00 00
R8 =0x0000000000000001 is an unknown value
R9 =0x000001beb4f40200 points into unknown readable memory: 0x0000002000000001 | 01 00 00 00 20 00 00 00
R10=0x000001bed4010c70 is a pointer to class: 
test.com.sqa.lab.ShiftCipherEncryptionTest {0x000001bed4010c78}
 - instance size:     2
 - klass size:        68
 - access:            synchronized 
 - flags:             rewritten has_nonstatic_fields should_verify_class has_localvariable_table has_resolved_methods has_been_redefined 
 - state:             fully_initialized
 - name:              'test/com/sqa/lab/ShiftCipherEncryptionTest'
 - super:             'java/lang/Object'
 - sub:               
 - arrays:            null
 - methods:           Array<T>(0x000001bf14915ce8)
 - method ordering:   Array<T>(0x000001bf149148e8)
 - local interfaces:  Array<T>(0x000001bed3611190)
 - trans. interfaces: Array<T>(0x000001bed3611190)
 - secondary supers: Array<T>(0x000001bed3610ce0)
 - hash_slot:         20
 - bitmap:            0x0000000000000000
 - constants:         constant pool [94]/operands[7] {0x000001bf14918098} for 'test/com/sqa/lab/ShiftCipherEncryptionTest' cache=0x000001bf14918430
 - class loader data:  loader data: 0x000001bed2ab3da0 for instance a 'jdk/internal/loader/ClassLoaders$AppClassLoader'{0x0000000713028990}
 - source file:       'ShiftCipherEncryptionTest.java'
 - source debug extension:       SMAP
ShiftCipherEncryptionTest.java
Java
*S jdt
*F
1 ShiftCipherEncryptionTest.java
2 file:/D:/Levto/Com%20Sci%20KKU/SQA/SQA_Lab5/SQA_Lab5/ShiftCipher/bin/
*L
*E

 - inner classes:     Array<T>(0x000001bf149148b0)
 - nest members:     Array<T>(0x000001bed3611118)
 - permitted subclasses:     Array<T>(0x000001bed3611118)
 - java mirror:       a 'java/lang/Class'{0x00000007130038e0} = 'test/com/sqa/lab/ShiftCipherEncryptionTest'
 - vtable length      7  (start addr: 0x000001bed4010e40)
 - itable length      2 (start addr: 0x000001bed4010e78)
 - ---- static fields (0 words):
 - ---- non-static fields (1 words):
 - 'cipher' 'Lmain/com/sqa/lab/ShiftCipher;' @12 
 - non-static oop maps: 12-12 
R11=0x0000000000000002 is an unknown value
R12=0x0 is null
R13=0x0000003ad24fb5d8 is pointing into the stack for thread: 0x000001beb737d750
R14=0x0000003ad24fb648 is pointing into the stack for thread: 0x000001beb737d750
R15=0x000001beb737d750 is a thread

Top of Stack: (sp=0x0000003ad24fb5d8)
0x0000003ad24fb5d8:   000001bec21891b4 0000003ad24fb5e0   ..........O.:...
0x0000003ad24fb5e8:   000001bed3728a9f 0000000000000004   ..r.............
0x0000003ad24fb5f8:   000001bed30af458 000001bf1475b880   X.........u.....
0x0000003ad24fb608:   0000000713006a60 000001bed30b3fa0   `j.......?......
0x0000003ad24fb618:   0000003ad24fb5d8 0000003ad24fb650   ..O.:...P.O.:...
0x0000003ad24fb628:   0000003ad24fb8f8 000001bebaf6bbf3   ..O.:...........
0x0000003ad24fb638:   00000007120bb578 00000007120bb620   x....... .......
0x0000003ad24fb648:   00000007120bb5d8 000001bed3851826   ........&.......
0x0000003ad24fb658:   00000007120bb608 0000000000000000   ................
0x0000003ad24fb668:   0000003ad24fb668 000001bed3bb9ca8   h.O.:...........
0x0000003ad24fb678:   0000000000000004 000001bed3431548   ........H.C.....
0x0000003ad24fb688:   0000000000000000 00000007130f0580   ................
0x0000003ad24fb698:   000001bed3431088 0000000000000000   ..C.............
0x0000003ad24fb6a8:   0000003ad24fb6c8 0000003ad24fb720   ..O.:... .O.:...
0x0000003ad24fb6b8:   000001bec21891b4 0000000000000000   ................
0x0000003ad24fb6c8:   00000007120bb608 0000000712942970   ........p)......
0x0000003ad24fb6d8:   0000003ad24fb6d8 000001bed3bb9cb8   ..O.:...........
0x0000003ad24fb6e8:   0000000000000004 00000007120bb608   ................
0x0000003ad24fb6f8:   00000007120827a8 0000000700000000   .'..............
0x0000003ad24fb708:   000001bed3431088 0000000000000000   ..C.............
0x0000003ad24fb718:   0000003ad24fb738 0000003ad24fb790   8.O.:.....O.:...
0x0000003ad24fb728:   000001bec21891b4 00000007120bb5d8   ................
0x0000003ad24fb738:   00000007120bb608 00000007120bb608   ................
0x0000003ad24fb748:   0000003ad24fb748 000001bed3bb9dce   H.O.:...........
0x0000003ad24fb758:   0000000000000004 000001bed3431548   ........H.C.....
0x0000003ad24fb768:   000001bf143c5490 00000007130f0580   .T<.............
0x0000003ad24fb778:   000001bed3431138 0000000000000000   8.C.............
0x0000003ad24fb788:   0000003ad24fb7c0 0000003ad24fb8f8   ..O.:.....O.:...
0x0000003ad24fb798:   000001bebaf64da4 00000007120bb608   .M..............
0x0000003ad24fb7a8:   000001bebaf6aa44 0000003ad24fb8f8   D.........O.:...
0x0000003ad24fb7b8:   000001bebaf64f42 0000003ad24fb7d8   BO........O.:...
0x0000003ad24fb7c8:   0000003ad24fb830 000001bec21895b8   0.O.:...........

Instructions: (pc=0x000001bec21b2bd0)
0x000001bec21b2ad0:   bf e0 05 00 00 00 74 03 ff 63 38 ff 63 50 e9 9d
0x000001bec21b2ae0:   16 00 00 66 66 66 0f 1f 84 00 00 00 00 00 66 66
0x000001bec21b2af0:   66 90 66 66 0f 1f 84 00 00 00 00 00 66 66 66 90
0x000001bec21b2b00:   48 8b 53 08 0f b7 52 2e 48 8b 0c d4 58 5b 50 44
0x000001bec21b2b10:   8b 51 08 49 bb 00 00 00 d3 be 01 00 00 4d 03 d3
0x000001bec21b2b20:   4c 8b 5b 10 4b 8b 9c da d0 01 00 00 48 85 db 0f
0x000001bec21b2b30:   84 10 00 00 00 41 80 bf e0 05 00 00 00 74 03 ff
0x000001bec21b2b40:   63 38 ff 63 50 e9 36 16 00 00 66 66 66 0f 1f 84
0x000001bec21b2b50:   00 00 00 00 00 66 66 66 90 0f 1f 80 00 00 00 00
0x000001bec21b2b60:   58 5b 50 8b 5b 24 48 c1 e3 03 48 8b 5b 10 48 85
0x000001bec21b2b70:   db 0f 84 10 00 00 00 41 80 bf e0 05 00 00 00 74
0x000001bec21b2b80:   03 ff 63 38 ff 63 50 e9 f4 15 00 00 66 66 66 0f
0x000001bec21b2b90:   1f 84 00 00 00 00 00 66 66 66 90 0f 1f 44 00 00
0x000001bec21b2ba0:   48 8b 53 08 0f b7 52 2e 48 8b 0c d4 58 5b 50 48
0x000001bec21b2bb0:   3b 01 8b 5b 24 48 c1 e3 03 48 8b 5b 10 48 85 db
0x000001bec21b2bc0:   0f 84 10 00 00 00 41 80 bf e0 05 00 00 00 74 03
0x000001bec21b2bd0:   ff 63 38 ff 63 50 e9 a5 15 00 00 0f 1f 44 00 00
0x000001bec21b2be0:   48 8b 53 08 0f b7 52 2e 48 8b 0c d4 58 5b 50 44
0x000001bec21b2bf0:   8b 51 08 49 bb 00 00 00 d3 be 01 00 00 4d 03 d3
0x000001bec21b2c00:   8b 43 18 48 c1 e0 03 48 8b 40 10 48 8b 5b 10 45
0x000001bec21b2c10:   8b 9a ac 00 00 00 4f 8d 9c da d0 01 00 00 4d 8d
0x000001bec21b2c20:   14 da 49 8b 1b 48 3b c3 74 15 48 85 db 0f 84 32
0x000001bec21b2c30:   00 00 00 49 83 c3 10 49 8b 1b 48 3b c3 75 eb 45
0x000001bec21b2c40:   8b 5b 08 4b 8b 1c 1a 48 85 db 0f 84 10 00 00 00
0x000001bec21b2c50:   41 80 bf e0 05 00 00 00 74 03 ff 63 38 ff 63 50
0x000001bec21b2c60:   e9 1b 15 00 00 e9 16 12 00 00 f4 00 00 00 00 00
0x000001bec21b2c70:   00 00 00 00 00 00 00 00 00 00 00 00 00 00 00 00
0x000001bec21b2c80:   00 00 00 00 00 00 00 00 00 00 00 00 00 00 00 00
0x000001bec21b2c90:   00 00 00 00 00 00 00 00 00 00 00 00 00 00 00 00
0x000001bec21b2ca0:   00 00 00 00 00 00 00 00 00 00 00 00 00 00 00 00
0x000001bec21b2cb0:   00 00 00 00 00 00 00 00 00 00 00 00 00 00 00 00
0x000001bec21b2cc0:   00 00 00 00 00 00 00 00 00 00 00 00 00 00 00 00


Stack slot to memory mapping:

stack at sp + 0 slots: 0x000001bec21891b4 is at code_begin+3380 in an Interpreter codelet
return entry points  [0x000001bec2188480, 0x000001bec218a590]  8464 bytes
stack at sp + 1 slots: 0x0000003ad24fb5e0 is pointing into the stack for thread: 0x000001beb737d750
stack at sp + 2 slots: 0x000001bed3728a9f is pointing into metadata
stack at sp + 3 slots: 0x0000000000000004 is an unknown value
stack at sp + 4 slots: 0x000001bed30af458 is pointing into metadata
stack at sp + 5 slots: 0x000001bf1475b880 is pointing into metadata
stack at sp + 6 slots: 0x0000000713006a60 is an oop: java.lang.Class 
{0x0000000713006a60} - klass: 'java/lang/Class'
 - ---- fields (total size 14 words):
 - private volatile transient 'classRedefinedCount' 'I' @12  0 (0x00000000)
 - injected 'klass' 'J' @16  1919096123424 (0x000001bed30af020)
 - injected 'array_klass' 'J' @24  0 (0x0000000000000000)
 - injected 'oop_size' 'I' @32  14 (0x0000000e)
 - injected 'static_oop_field_count' 'I' @36  0 (0x00000000)
 - private volatile transient 'cachedConstructor' 'Ljava/lang/reflect/Constructor;' @40  null (0x00000000)
 - private transient 'name' 'Ljava/lang/String;' @44  null (0x00000000)
 - private transient 'module' 'Ljava/lang/Module;' @48  a 'java/lang/Module'{0x00000007130655d0} (0xe260caba)
 - private final 'classLoader' 'Ljava/lang/ClassLoader;' @52  null (0x00000000)
 - private transient 'classData' 'Ljava/lang/Object;' @56  null (0x00000000)
 - private transient 'packageName' 'Ljava/lang/String;' @60  null (0x00000000)
 - private final 'componentType' 'Ljava/lang/Class;' @64  null (0x00000000)
 - private volatile transient 'reflectionData' 'Ljava/lang/ref/SoftReference;' @68  null (0x00000000)
 - private volatile transient 'genericInfo' 'Lsun/reflect/generics/repository/ClassRepository;' @72  null (0x00000000)
 - private volatile transient 'enumConstants' '[Ljava/lang/Object;' @76  null (0x00000000)
 - private volatile transient 'enumConstantDirectory' 'Ljava/util/Map;' @80  null (0x00000000)
 - private volatile transient 'annotationData' 'Ljava/lang/Class$AnnotationData;' @84  null (0x00000000)
 - private volatile transient 'annotationType' 'Lsun/reflect/annotation/AnnotationType;' @88  null (0x00000000)
 - transient 'classValueMap' 'Ljava/lang/ClassValue$ClassValueMap;' @92  null (0x00000000)
 - injected 'protection_domain' 'Ljava/lang/Object;' @96  null (0x00000000)
 - injected 'signers_name' 'Ljava/lang/Object;' @100  null (0x00000000)
 - injected 'source_file' 'Ljava/lang/Object;' @104  null (0x00000000)
 - injected '<init_lock>' 'Ljava/lang/Object;' @108  null (0x00000000)
 - signature: Ljava/lang/invoke/DirectMethodHandle$Holder;
 - ---- static fields (0):
stack at sp + 7 slots: {method} {0x000001bed30b3fa8} 'newInvokeSpecial' '(Ljava/lang/Object;)Ljava/lang/Object;' in 'java/lang/invoke/DirectMethodHandle$Holder'

MethodHandle::interpreter_entry::_linkToSpecial [0x000001bec21b2b8c, 0x000001bec21b2bdb] (79 bytes)
[MachCode]
  0x000001bec21b2b8c: 6666 660f | 1f84 0000 | 0000 0066 | 6666 900f | 1f44 0000 | 488b 5308 | 0fb7 522e | 488b 0cd4 
  0x000001bec21b2bac: 585b 5048 | 3b01 8b5b | 2448 c1e3 | 0348 8b5b | 1048 85db | 0f84 1000 | 0000 4180 | bfe0 0500 
  0x000001bec21b2bcc: 0000 7403 | ff63 38ff | 6350 e9a5 | 
[/MachCode]

---------------  P R O C E S S  ---------------

Threads class SMR info:
_java_thread_list=0x000001bf1916ce50, length=15, elements={
0x000001beb737d750, 0x000001bed29a40d0, 0x000001bed29a4b30, 0x000001bed29ab6c0,
0x000001bed29ac120, 0x000001bed29acb80, 0x000001bed29ad5e0, 0x000001bed29cbbe0,
0x000001bed29f2d00, 0x000001bed2bda430, 0x000001bed2c04e90, 0x000001bed2c076a0,
0x000001bed2cd7210, 0x000001bf1853dab0, 0x000001bf185a6290
}

Java Threads: ( => current thread )
=>0x000001beb737d750 JavaThread "main"                              [_thread_in_Java, id=21268, stack(0x0000003ad2400000,0x0000003ad2500000) (1024K)]
  0x000001bed29a40d0 JavaThread "Reference Handler"          daemon [_thread_blocked, id=13620, stack(0x0000003ad2c00000,0x0000003ad2d00000) (1024K)]
  0x000001bed29a4b30 JavaThread "Finalizer"                  daemon [_thread_blocked, id=22920, stack(0x0000003ad2d00000,0x0000003ad2e00000) (1024K)]
  0x000001bed29ab6c0 JavaThread "Signal Dispatcher"          daemon [_thread_blocked, id=3708, stack(0x0000003ad2e00000,0x0000003ad2f00000) (1024K)]
  0x000001bed29ac120 JavaThread "Attach Listener"            daemon [_thread_blocked, id=7088, stack(0x0000003ad2f00000,0x0000003ad3000000) (1024K)]
  0x000001bed29acb80 JavaThread "Service Thread"             daemon [_thread_blocked, id=30508, stack(0x0000003ad3000000,0x0000003ad3100000) (1024K)]
  0x000001bed29ad5e0 JavaThread "Monitor Deflation Thread"   daemon [_thread_blocked, id=28664, stack(0x0000003ad3100000,0x0000003ad3200000) (1024K)]
  0x000001bed29cbbe0 JavaThread "C2 CompilerThread0"         daemon [_thread_blocked, id=27728, stack(0x0000003ad3200000,0x0000003ad3300000) (1024K)]
  0x000001bed29f2d00 JavaThread "C1 CompilerThread0"         daemon [_thread_blocked, id=7052, stack(0x0000003ad3300000,0x0000003ad3400000) (1024K)]
  0x000001bed2bda430 JavaThread "JDWP Transport Listener: dt_socket" daemon [_thread_blocked, id=21816, stack(0x0000003ad3700000,0x0000003ad3800000) (1024K)]
  0x000001bed2c04e90 JavaThread "JDWP Event Helper Thread"   daemon [_thread_blocked, id=2016, stack(0x0000003ad3800000,0x0000003ad3900000) (1024K)]
  0x000001bed2c076a0 JavaThread "JDWP Command Reader"        daemon [_thread_in_native, id=21260, stack(0x0000003ad3900000,0x0000003ad3a00000) (1024K)]
  0x000001bed2cd7210 JavaThread "Common-Cleaner"             daemon [_thread_blocked, id=26212, stack(0x0000003ad3a00000,0x0000003ad3b00000) (1024K)]
  0x000001bf1853dab0 JavaThread "Notification Thread"        daemon [_thread_blocked, id=13864, stack(0x0000003ad3b00000,0x0000003ad3c00000) (1024K)]
  0x000001bf185a6290 JavaThread "ReaderThread"                      [_thread_in_native, id=34436, stack(0x0000003ad3d00000,0x0000003ad3e00000) (1024K)]
Total: 15

Other Threads:
  0x000001bed298b220 VMThread "VM Thread"                           [id=14092, stack(0x0000003ad2b00000,0x0000003ad2c00000) (1024K)]
  0x000001bed1978690 WatcherThread "VM Periodic Task Thread"        [id=22368, stack(0x0000003ad2a00000,0x0000003ad2b00000) (1024K)]
  0x000001beb73e64a0 WorkerThread "GC Thread#0"                     [id=20964, stack(0x0000003ad2500000,0x0000003ad2600000) (1024K)]
  0x000001bf1866d080 WorkerThread "GC Thread#1"                     [id=1512, stack(0x0000003ad3f00000,0x0000003ad4000000) (1024K)]
  0x000001bf1866c570 WorkerThread "GC Thread#2"                     [id=11104, stack(0x0000003ad4000000,0x0000003ad4100000) (1024K)]
  0x000001bf1866df40 WorkerThread "GC Thread#3"                     [id=19104, stack(0x0000003ad4100000,0x0000003ad4200000) (1024K)]
  0x000001bf1866d430 WorkerThread "GC Thread#4"                     [id=26468, stack(0x0000003ad4200000,0x0000003ad4300000) (1024K)]
  0x000001bf1866d7e0 WorkerThread "GC Thread#5"                     [id=31756, stack(0x0000003ad4300000,0x0000003ad4400000) (1024K)]
  0x000001bf1866db90 WorkerThread "GC Thread#6"                     [id=33056, stack(0x0000003ad4400000,0x0000003ad4500000) (1024K)]
  0x000001bf18e233b0 WorkerThread "GC Thread#7"                     [id=1032, stack(0x0000003ad4500000,0x0000003ad4600000) (1024K)]
  0x000001beb74357b0 ConcurrentGCThread "G1 Main Marker"            [id=22364, stack(0x0000003ad2600000,0x0000003ad2700000) (1024K)]
  0x000001beb74361d0 WorkerThread "G1 Conc#0"                       [id=29232, stack(0x0000003ad2700000,0x0000003ad2800000) (1024K)]
  0x000001bed18498f0 ConcurrentGCThread "G1 Refine#0"               [id=26300, stack(0x0000003ad2800000,0x0000003ad2900000) (1024K)]
  0x000001bed184a380 ConcurrentGCThread "G1 Service"                [id=24732, stack(0x0000003ad2900000,0x0000003ad2a00000) (1024K)]
Total: 14

Threads with active compile tasks:
Total: 0

VM state: not at safepoint (normal execution)

VM Mutex/Monitor currently owned by a thread: None

Heap address: 0x0000000704c00000, size: 4020 MB, Compressed Oops mode: Zero based, Oop shift amount: 3

CDS archive(s) mapped at: [0x000001bed3000000-0x000001bed3c80000-0x000001bed3c80000), size 13107200, SharedBaseAddress: 0x000001bed3000000, ArchiveRelocationMode: 1.
Compressed class space mapped at: 0x000001bed4000000-0x000001bf14000000, reserved size: 1073741824
Narrow klass base: 0x000001bed3000000, Narrow klass shift: 0, Narrow klass range: 0x100000000

GC Precious Log:
 CardTable entry size: 512
 Card Set container configuration: InlinePtr #cards 4 size 8 Array Of Cards #cards 16 size 48 Howl #buckets 8 coarsen threshold 3686 Howl Bitmap #cards 512 size 80 coarsen threshold 460 Card regions per heap region 1 cards per card region 4096
 CPUs: 20 total, 20 available
 Memory: 16077M
 Large Page Support: Disabled
 NUMA Support: Disabled
 Compressed Oops: Enabled (Zero based)
 Heap Region Size: 2M
 Heap Min Capacity: 8M
 Heap Initial Capacity: 252M
 Heap Max Capacity: 4020M
 Pre-touch: Disabled
 Parallel Workers: 15
 Concurrent Workers: 4
 Concurrent Refinement Workers: 15
 Periodic GC: Disabled

Heap:
 garbage-first heap   total 258048K, used 37504K [0x0000000704c00000, 0x0000000800000000)
  region size 2048K, 20 young (40960K), 2 survivors (4096K)
 Metaspace       used 10123K, committed 10432K, reserved 1114112K
  class space    used 1258K, committed 1408K, reserved 1048576K

Heap Regions: E=young(eden), S=young(survivor), O=old, HS=humongous(starts), HC=humongous(continues), CS=collection set, F=free, TAMS=top-at-mark-start, PB=parsable bottom
|   0|0x0000000704c00000, 0x0000000704c00000, 0x0000000704e00000|  0%| F|  |TAMS 0x0000000704c00000| PB 0x0000000704c00000| Untracked 
|   1|0x0000000704e00000, 0x0000000704e00000, 0x0000000705000000|  0%| F|  |TAMS 0x0000000704e00000| PB 0x0000000704e00000| Untracked 
|   2|0x0000000705000000, 0x0000000705000000, 0x0000000705200000|  0%| F|  |TAMS 0x0000000705000000| PB 0x0000000705000000| Untracked 
|   3|0x0000000705200000, 0x0000000705200000, 0x0000000705400000|  0%| F|  |TAMS 0x0000000705200000| PB 0x0000000705200000| Untracked 
|   4|0x0000000705400000, 0x0000000705400000, 0x0000000705600000|  0%| F|  |TAMS 0x0000000705400000| PB 0x0000000705400000| Untracked 
|   5|0x0000000705600000, 0x0000000705600000, 0x0000000705800000|  0%| F|  |TAMS 0x0000000705600000| PB 0x0000000705600000| Untracked 
|   6|0x0000000705800000, 0x0000000705800000, 0x0000000705a00000|  0%| F|  |TAMS 0x0000000705800000| PB 0x0000000705800000| Untracked 
|   7|0x0000000705a00000, 0x0000000705a00000, 0x0000000705c00000|  0%| F|  |TAMS 0x0000000705a00000| PB 0x0000000705a00000| Untracked 
|   8|0x0000000705c00000, 0x0000000705c00000, 0x0000000705e00000|  0%| F|  |TAMS 0x0000000705c00000| PB 0x0000000705c00000| Untracked 
|   9|0x0000000705e00000, 0x0000000705e00000, 0x0000000706000000|  0%| F|  |TAMS 0x0000000705e00000| PB 0x0000000705e00000| Untracked 
|  10|0x0000000706000000, 0x0000000706000000, 0x0000000706200000|  0%| F|  |TAMS 0x0000000706000000| PB 0x0000000706000000| Untracked 
|  11|0x0000000706200000, 0x0000000706200000, 0x0000000706400000|  0%| F|  |TAMS 0x0000000706200000| PB 0x0000000706200000| Untracked 
|  12|0x0000000706400000, 0x0000000706400000, 0x0000000706600000|  0%| F|  |TAMS 0x0000000706400000| PB 0x0000000706400000| Untracked 
|  13|0x0000000706600000, 0x0000000706600000, 0x0000000706800000|  0%| F|  |TAMS 0x0000000706600000| PB 0x0000000706600000| Untracked 
|  14|0x0000000706800000, 0x0000000706800000, 0x0000000706a00000|  0%| F|  |TAMS 0x0000000706800000| PB 0x0000000706800000| Untracked 
|  15|0x0000000706a00000, 0x0000000706a00000, 0x0000000706c00000|  0%| F|  |TAMS 0x0000000706a00000| PB 0x0000000706a00000| Untracked 
|  16|0x0000000706c00000, 0x0000000706c00000, 0x0000000706e00000|  0%| F|  |TAMS 0x0000000706c00000| PB 0x0000000706c00000| Untracked 
|  17|0x0000000706e00000, 0x0000000706e00000, 0x0000000707000000|  0%| F|  |TAMS 0x0000000706e00000| PB 0x0000000706e00000| Untracked 
|  18|0x0000000707000000, 0x0000000707000000, 0x0000000707200000|  0%| F|  |TAMS 0x0000000707000000| PB 0x0000000707000000| Untracked 
|  19|0x0000000707200000, 0x0000000707200000, 0x0000000707400000|  0%| F|  |TAMS 0x0000000707200000| PB 0x0000000707200000| Untracked 
|  20|0x0000000707400000, 0x0000000707400000, 0x0000000707600000|  0%| F|  |TAMS 0x0000000707400000| PB 0x0000000707400000| Untracked 
|  21|0x0000000707600000, 0x0000000707600000, 0x0000000707800000|  0%| F|  |TAMS 0x0000000707600000| PB 0x0000000707600000| Untracked 
|  22|0x0000000707800000, 0x0000000707800000, 0x0000000707a00000|  0%| F|  |TAMS 0x0000000707800000| PB 0x0000000707800000| Untracked 
|  23|0x0000000707a00000, 0x0000000707a00000, 0x0000000707c00000|  0%| F|  |TAMS 0x0000000707a00000| PB 0x0000000707a00000| Untracked 
|  24|0x0000000707c00000, 0x0000000707c00000, 0x0000000707e00000|  0%| F|  |TAMS 0x0000000707c00000| PB 0x0000000707c00000| Untracked 
|  25|0x0000000707e00000, 0x0000000707e00000, 0x0000000708000000|  0%| F|  |TAMS 0x0000000707e00000| PB 0x0000000707e00000| Untracked 
|  26|0x0000000708000000, 0x0000000708000000, 0x0000000708200000|  0%| F|  |TAMS 0x0000000708000000| PB 0x0000000708000000| Untracked 
|  27|0x0000000708200000, 0x0000000708200000, 0x0000000708400000|  0%| F|  |TAMS 0x0000000708200000| PB 0x0000000708200000| Untracked 
|  28|0x0000000708400000, 0x0000000708400000, 0x0000000708600000|  0%| F|  |TAMS 0x0000000708400000| PB 0x0000000708400000| Untracked 
|  29|0x0000000708600000, 0x0000000708600000, 0x0000000708800000|  0%| F|  |TAMS 0x0000000708600000| PB 0x0000000708600000| Untracked 
|  30|0x0000000708800000, 0x0000000708800000, 0x0000000708a00000|  0%| F|  |TAMS 0x0000000708800000| PB 0x0000000708800000| Untracked 
|  31|0x0000000708a00000, 0x0000000708a00000, 0x0000000708c00000|  0%| F|  |TAMS 0x0000000708a00000| PB 0x0000000708a00000| Untracked 
|  32|0x0000000708c00000, 0x0000000708c00000, 0x0000000708e00000|  0%| F|  |TAMS 0x0000000708c00000| PB 0x0000000708c00000| Untracked 
|  33|0x0000000708e00000, 0x0000000708e00000, 0x0000000709000000|  0%| F|  |TAMS 0x0000000708e00000| PB 0x0000000708e00000| Untracked 
|  34|0x0000000709000000, 0x0000000709000000, 0x0000000709200000|  0%| F|  |TAMS 0x0000000709000000| PB 0x0000000709000000| Untracked 
|  35|0x0000000709200000, 0x0000000709200000, 0x0000000709400000|  0%| F|  |TAMS 0x0000000709200000| PB 0x0000000709200000| Untracked 
|  36|0x0000000709400000, 0x0000000709400000, 0x0000000709600000|  0%| F|  |TAMS 0x0000000709400000| PB 0x0000000709400000| Untracked 
|  37|0x0000000709600000, 0x0000000709600000, 0x0000000709800000|  0%| F|  |TAMS 0x0000000709600000| PB 0x0000000709600000| Untracked 
|  38|0x0000000709800000, 0x0000000709800000, 0x0000000709a00000|  0%| F|  |TAMS 0x0000000709800000| PB 0x0000000709800000| Untracked 
|  39|0x0000000709a00000, 0x0000000709a00000, 0x0000000709c00000|  0%| F|  |TAMS 0x0000000709a00000| PB 0x0000000709a00000| Untracked 
|  40|0x0000000709c00000, 0x0000000709c00000, 0x0000000709e00000|  0%| F|  |TAMS 0x0000000709c00000| PB 0x0000000709c00000| Untracked 
|  41|0x0000000709e00000, 0x0000000709e00000, 0x000000070a000000|  0%| F|  |TAMS 0x0000000709e00000| PB 0x0000000709e00000| Untracked 
|  42|0x000000070a000000, 0x000000070a000000, 0x000000070a200000|  0%| F|  |TAMS 0x000000070a000000| PB 0x000000070a000000| Untracked 
|  43|0x000000070a200000, 0x000000070a200000, 0x000000070a400000|  0%| F|  |TAMS 0x000000070a200000| PB 0x000000070a200000| Untracked 
|  44|0x000000070a400000, 0x000000070a400000, 0x000000070a600000|  0%| F|  |TAMS 0x000000070a400000| PB 0x000000070a400000| Untracked 
|  45|0x000000070a600000, 0x000000070a600000, 0x000000070a800000|  0%| F|  |TAMS 0x000000070a600000| PB 0x000000070a600000| Untracked 
|  46|0x000000070a800000, 0x000000070a800000, 0x000000070aa00000|  0%| F|  |TAMS 0x000000070a800000| PB 0x000000070a800000| Untracked 
|  47|0x000000070aa00000, 0x000000070aa00000, 0x000000070ac00000|  0%| F|  |TAMS 0x000000070aa00000| PB 0x000000070aa00000| Untracked 
|  48|0x000000070ac00000, 0x000000070ac00000, 0x000000070ae00000|  0%| F|  |TAMS 0x000000070ac00000| PB 0x000000070ac00000| Untracked 
|  49|0x000000070ae00000, 0x000000070ae00000, 0x000000070b000000|  0%| F|  |TAMS 0x000000070ae00000| PB 0x000000070ae00000| Untracked 
|  50|0x000000070b000000, 0x000000070b000000, 0x000000070b200000|  0%| F|  |TAMS 0x000000070b000000| PB 0x000000070b000000| Untracked 
|  51|0x000000070b200000, 0x000000070b200000, 0x000000070b400000|  0%| F|  |TAMS 0x000000070b200000| PB 0x000000070b200000| Untracked 
|  52|0x000000070b400000, 0x000000070b400000, 0x000000070b600000|  0%| F|  |TAMS 0x000000070b400000| PB 0x000000070b400000| Untracked 
|  53|0x000000070b600000, 0x000000070b600000, 0x000000070b800000|  0%| F|  |TAMS 0x000000070b600000| PB 0x000000070b600000| Untracked 
|  54|0x000000070b800000, 0x000000070b800000, 0x000000070ba00000|  0%| F|  |TAMS 0x000000070b800000| PB 0x000000070b800000| Untracked 
|  55|0x000000070ba00000, 0x000000070ba00000, 0x000000070bc00000|  0%| F|  |TAMS 0x000000070ba00000| PB 0x000000070ba00000| Untracked 
|  56|0x000000070bc00000, 0x000000070bc00000, 0x000000070be00000|  0%| F|  |TAMS 0x000000070bc00000| PB 0x000000070bc00000| Untracked 
|  57|0x000000070be00000, 0x000000070be00000, 0x000000070c000000|  0%| F|  |TAMS 0x000000070be00000| PB 0x000000070be00000| Untracked 
|  58|0x000000070c000000, 0x000000070c000000, 0x000000070c200000|  0%| F|  |TAMS 0x000000070c000000| PB 0x000000070c000000| Untracked 
|  59|0x000000070c200000, 0x000000070c200000, 0x000000070c400000|  0%| F|  |TAMS 0x000000070c200000| PB 0x000000070c200000| Untracked 
|  60|0x000000070c400000, 0x000000070c400000, 0x000000070c600000|  0%| F|  |TAMS 0x000000070c400000| PB 0x000000070c400000| Untracked 
|  61|0x000000070c600000, 0x000000070c600000, 0x000000070c800000|  0%| F|  |TAMS 0x000000070c600000| PB 0x000000070c600000| Untracked 
|  62|0x000000070c800000, 0x000000070c800000, 0x000000070ca00000|  0%| F|  |TAMS 0x000000070c800000| PB 0x000000070c800000| Untracked 
|  63|0x000000070ca00000, 0x000000070ca00000, 0x000000070cc00000|  0%| F|  |TAMS 0x000000070ca00000| PB 0x000000070ca00000| Untracked 
|  64|0x000000070cc00000, 0x000000070cc00000, 0x000000070ce00000|  0%| F|  |TAMS 0x000000070cc00000| PB 0x000000070cc00000| Untracked 
|  65|0x000000070ce00000, 0x000000070ce00000, 0x000000070d000000|  0%| F|  |TAMS 0x000000070ce00000| PB 0x000000070ce00000| Untracked 
|  66|0x000000070d000000, 0x000000070d000000, 0x000000070d200000|  0%| F|  |TAMS 0x000000070d000000| PB 0x000000070d000000| Untracked 
|  67|0x000000070d200000, 0x000000070d200000, 0x000000070d400000|  0%| F|  |TAMS 0x000000070d200000| PB 0x000000070d200000| Untracked 
|  68|0x000000070d400000, 0x000000070d400000, 0x000000070d600000|  0%| F|  |TAMS 0x000000070d400000| PB 0x000000070d400000| Untracked 
|  69|0x000000070d600000, 0x000000070d600000, 0x000000070d800000|  0%| F|  |TAMS 0x000000070d600000| PB 0x000000070d600000| Untracked 
|  70|0x000000070d800000, 0x000000070d800000, 0x000000070da00000|  0%| F|  |TAMS 0x000000070d800000| PB 0x000000070d800000| Untracked 
|  71|0x000000070da00000, 0x000000070da00000, 0x000000070dc00000|  0%| F|  |TAMS 0x000000070da00000| PB 0x000000070da00000| Untracked 
|  72|0x000000070dc00000, 0x000000070dc00000, 0x000000070de00000|  0%| F|  |TAMS 0x000000070dc00000| PB 0x000000070dc00000| Untracked 
|  73|0x000000070de00000, 0x000000070de00000, 0x000000070e000000|  0%| F|  |TAMS 0x000000070de00000| PB 0x000000070de00000| Untracked 
|  74|0x000000070e000000, 0x000000070e000000, 0x000000070e200000|  0%| F|  |TAMS 0x000000070e000000| PB 0x000000070e000000| Untracked 
|  75|0x000000070e200000, 0x000000070e200000, 0x000000070e400000|  0%| F|  |TAMS 0x000000070e200000| PB 0x000000070e200000| Untracked 
|  76|0x000000070e400000, 0x000000070e400000, 0x000000070e600000|  0%| F|  |TAMS 0x000000070e400000| PB 0x000000070e400000| Untracked 
|  77|0x000000070e600000, 0x000000070e600000, 0x000000070e800000|  0%| F|  |TAMS 0x000000070e600000| PB 0x000000070e600000| Untracked 
|  78|0x000000070e800000, 0x000000070e800000, 0x000000070ea00000|  0%| F|  |TAMS 0x000000070e800000| PB 0x000000070e800000| Untracked 
|  79|0x000000070ea00000, 0x000000070ea00000, 0x000000070ec00000|  0%| F|  |TAMS 0x000000070ea00000| PB 0x000000070ea00000| Untracked 
|  80|0x000000070ec00000, 0x000000070ec00000, 0x000000070ee00000|  0%| F|  |TAMS 0x000000070ec00000| PB 0x000000070ec00000| Untracked 
|  81|0x000000070ee00000, 0x000000070ee00000, 0x000000070f000000|  0%| F|  |TAMS 0x000000070ee00000| PB 0x000000070ee00000| Untracked 
|  82|0x000000070f000000, 0x000000070f000000, 0x000000070f200000|  0%| F|  |TAMS 0x000000070f000000| PB 0x000000070f000000| Untracked 
|  83|0x000000070f200000, 0x000000070f200000, 0x000000070f400000|  0%| F|  |TAMS 0x000000070f200000| PB 0x000000070f200000| Untracked 
|  84|0x000000070f400000, 0x000000070f400000, 0x000000070f600000|  0%| F|  |TAMS 0x000000070f400000| PB 0x000000070f400000| Untracked 
|  85|0x000000070f600000, 0x000000070f600000, 0x000000070f800000|  0%| F|  |TAMS 0x000000070f600000| PB 0x000000070f600000| Untracked 
|  86|0x000000070f800000, 0x000000070f800000, 0x000000070fa00000|  0%| F|  |TAMS 0x000000070f800000| PB 0x000000070f800000| Untracked 
|  87|0x000000070fa00000, 0x000000070fa00000, 0x000000070fc00000|  0%| F|  |TAMS 0x000000070fa00000| PB 0x000000070fa00000| Untracked 
|  88|0x000000070fc00000, 0x000000070fc00000, 0x000000070fe00000|  0%| F|  |TAMS 0x000000070fc00000| PB 0x000000070fc00000| Untracked 
|  89|0x000000070fe00000, 0x000000070fe00000, 0x0000000710000000|  0%| F|  |TAMS 0x000000070fe00000| PB 0x000000070fe00000| Untracked 
|  90|0x0000000710000000, 0x0000000710000000, 0x0000000710200000|  0%| F|  |TAMS 0x0000000710000000| PB 0x0000000710000000| Untracked 
|  91|0x0000000710200000, 0x0000000710200000, 0x0000000710400000|  0%| F|  |TAMS 0x0000000710200000| PB 0x0000000710200000| Untracked 
|  92|0x0000000710400000, 0x0000000710400000, 0x0000000710600000|  0%| F|  |TAMS 0x0000000710400000| PB 0x0000000710400000| Untracked 
|  93|0x0000000710600000, 0x0000000710600000, 0x0000000710800000|  0%| F|  |TAMS 0x0000000710600000| PB 0x0000000710600000| Untracked 
|  94|0x0000000710800000, 0x0000000710800000, 0x0000000710a00000|  0%| F|  |TAMS 0x0000000710800000| PB 0x0000000710800000| Untracked 
|  95|0x0000000710a00000, 0x0000000710a00000, 0x0000000710c00000|  0%| F|  |TAMS 0x0000000710a00000| PB 0x0000000710a00000| Untracked 
|  96|0x0000000710c00000, 0x0000000710c00000, 0x0000000710e00000|  0%| F|  |TAMS 0x0000000710c00000| PB 0x0000000710c00000| Untracked 
|  97|0x0000000710e00000, 0x0000000710e00000, 0x0000000711000000|  0%| F|  |TAMS 0x0000000710e00000| PB 0x0000000710e00000| Untracked 
|  98|0x0000000711000000, 0x0000000711000000, 0x0000000711200000|  0%| F|  |TAMS 0x0000000711000000| PB 0x0000000711000000| Untracked 
|  99|0x0000000711200000, 0x0000000711200000, 0x0000000711400000|  0%| F|  |TAMS 0x0000000711200000| PB 0x0000000711200000| Untracked 
| 100|0x0000000711400000, 0x0000000711400000, 0x0000000711600000|  0%| F|  |TAMS 0x0000000711400000| PB 0x0000000711400000| Untracked 
| 101|0x0000000711600000, 0x0000000711600000, 0x0000000711800000|  0%| F|  |TAMS 0x0000000711600000| PB 0x0000000711600000| Untracked 
| 102|0x0000000711800000, 0x0000000711800000, 0x0000000711a00000|  0%| F|  |TAMS 0x0000000711800000| PB 0x0000000711800000| Untracked 
| 103|0x0000000711a00000, 0x0000000711a00000, 0x0000000711c00000|  0%| F|  |TAMS 0x0000000711a00000| PB 0x0000000711a00000| Untracked 
| 104|0x0000000711c00000, 0x0000000711c00000, 0x0000000711e00000|  0%| F|  |TAMS 0x0000000711c00000| PB 0x0000000711c00000| Untracked 
| 105|0x0000000711e00000, 0x0000000711e00000, 0x0000000712000000|  0%| F|  |TAMS 0x0000000711e00000| PB 0x0000000711e00000| Untracked 
| 106|0x0000000712000000, 0x0000000712159108, 0x0000000712200000| 67%| E|  |TAMS 0x0000000712000000| PB 0x0000000712000000| Complete 
| 107|0x0000000712200000, 0x0000000712400000, 0x0000000712400000|100%| E|CS|TAMS 0x0000000712200000| PB 0x0000000712200000| Complete 
| 108|0x0000000712400000, 0x0000000712600000, 0x0000000712600000|100%| E|CS|TAMS 0x0000000712400000| PB 0x0000000712400000| Complete 
| 109|0x0000000712600000, 0x0000000712800000, 0x0000000712800000|100%| E|CS|TAMS 0x0000000712600000| PB 0x0000000712600000| Complete 
| 110|0x0000000712800000, 0x0000000712a00000, 0x0000000712a00000|100%| E|CS|TAMS 0x0000000712800000| PB 0x0000000712800000| Complete 
| 111|0x0000000712a00000, 0x0000000712c00000, 0x0000000712c00000|100%| E|CS|TAMS 0x0000000712a00000| PB 0x0000000712a00000| Complete 
| 112|0x0000000712c00000, 0x0000000712e00000, 0x0000000712e00000|100%| E|CS|TAMS 0x0000000712c00000| PB 0x0000000712c00000| Complete 
| 113|0x0000000712e00000, 0x0000000712ea0000, 0x0000000713000000| 31%| S|CS|TAMS 0x0000000712e00000| PB 0x0000000712e00000| Complete 
| 114|0x0000000713000000, 0x0000000713200000, 0x0000000713200000|100%| S|CS|TAMS 0x0000000713000000| PB 0x0000000713000000| Complete 
| 115|0x0000000713200000, 0x0000000713400000, 0x0000000713400000|100%| E|CS|TAMS 0x0000000713200000| PB 0x0000000713200000| Complete 
| 116|0x0000000713400000, 0x0000000713600000, 0x0000000713600000|100%| E|CS|TAMS 0x0000000713400000| PB 0x0000000713400000| Complete 
| 117|0x0000000713600000, 0x0000000713800000, 0x0000000713800000|100%| E|CS|TAMS 0x0000000713600000| PB 0x0000000713600000| Complete 
| 118|0x0000000713800000, 0x0000000713a00000, 0x0000000713a00000|100%| E|CS|TAMS 0x0000000713800000| PB 0x0000000713800000| Complete 
| 119|0x0000000713a00000, 0x0000000713c00000, 0x0000000713c00000|100%| E|CS|TAMS 0x0000000713a00000| PB 0x0000000713a00000| Complete 
| 120|0x0000000713c00000, 0x0000000713e00000, 0x0000000713e00000|100%| E|CS|TAMS 0x0000000713c00000| PB 0x0000000713c00000| Complete 
| 121|0x0000000713e00000, 0x0000000714000000, 0x0000000714000000|100%| E|CS|TAMS 0x0000000713e00000| PB 0x0000000713e00000| Complete 
| 122|0x0000000714000000, 0x0000000714200000, 0x0000000714200000|100%| E|CS|TAMS 0x0000000714000000| PB 0x0000000714000000| Complete 
| 123|0x0000000714200000, 0x0000000714400000, 0x0000000714400000|100%| E|CS|TAMS 0x0000000714200000| PB 0x0000000714200000| Complete 
| 124|0x0000000714400000, 0x0000000714600000, 0x0000000714600000|100%| E|CS|TAMS 0x0000000714400000| PB 0x0000000714400000| Complete 
| 125|0x0000000714600000, 0x0000000714800000, 0x0000000714800000|100%| E|CS|TAMS 0x0000000714600000| PB 0x0000000714600000| Complete 

Card table byte_map: [0x000001becafd0000,0x000001becb7b0000] _byte_map_base: 0x000001bec77aa000

Marking Bits: (CMBitMap*) 0x000001beb73e6ac0
 Bits: [0x000001becb7b0000, 0x000001becf680000)

Polling page: 0x000001beb4e90000

Metaspace:

Usage:
  Non-class:      8.66 MB used.
      Class:      1.23 MB used.
       Both:      9.89 MB used.

Virtual space:
  Non-class space:       64.00 MB reserved,       8.81 MB ( 14%) committed,  1 nodes.
      Class space:        1.00 GB reserved,       1.38 MB ( <1%) committed,  1 nodes.
             Both:        1.06 GB reserved,      10.19 MB ( <1%) committed. 

Chunk freelists:
   Non-Class:  6.89 MB
       Class:  14.58 MB
        Both:  21.47 MB

MaxMetaspaceSize: unlimited
CompressedClassSpaceSize: 1.00 GB
Initial GC threshold: 21.00 MB
Current GC threshold: 21.00 MB
CDS: on
 - commit_granule_bytes: 65536.
 - commit_granule_words: 8192.
 - virtual_space_node_default_size: 8388608.
 - enlarge_chunks_in_place: 1.
 - use_allocation_guard: 0.


Internal statistics:

num_allocs_failed_limit: 0.
num_arena_births: 330.
num_arena_deaths: 0.
num_vsnodes_births: 2.
num_vsnodes_deaths: 0.
num_space_committed: 163.
num_space_uncommitted: 0.
num_chunks_returned_to_freelist: 0.
num_chunks_taken_from_freelist: 636.
num_chunk_merges: 0.
num_chunk_splits: 361.
num_chunks_enlarged: 186.
num_inconsistent_stats: 0.

CodeHeap 'non-profiled nmethods': size=119168Kb used=997Kb max_used=997Kb free=118170Kb
 bounds [0x000001bec28d0000, 0x000001bec2b40000, 0x000001bec9d30000]
CodeHeap 'profiled nmethods': size=119104Kb used=4324Kb max_used=4324Kb free=114780Kb
 bounds [0x000001bebad30000, 0x000001bebb170000, 0x000001bec2180000]
CodeHeap 'non-nmethods': size=7488Kb used=1392Kb max_used=3162Kb free=6095Kb
 bounds [0x000001bec2180000, 0x000001bec24a0000, 0x000001bec28d0000]
CodeCache: size=245760Kb, used=6713Kb, max_used=8483Kb, free=239045Kb
 total_blobs=2577, nmethods=2089, adapters=392, full_count=0
Compilation: enabled, stopped_count=0, restarted_count=0

Compilation events (20 events):
Event: 0.929 Thread 0x000001bed29f11c0 nmethod 2080 0x000001bebb168190 code [0x000001bebb168380, 0x000001bebb168820]
Event: 0.931 Thread 0x000001bed29f2630 2081       4       java.lang.invoke.Invokers$Holder::linkToTargetMethod (9 bytes)
Event: 0.931 Thread 0x000001bed29f33d0 2082       4       jdk.internal.org.objectweb.asm.ByteVector::putInt (74 bytes)
Event: 0.931 Thread 0x000001bed29f2630 nmethod 2081 0x000001bec2985610 code [0x000001bec29857a0, 0x000001bec29858a0]
Event: 0.932 Thread 0x000001bed29f4170 2083       3       java.util.HashSet::isEmpty (8 bytes)
Event: 0.932 Thread 0x000001bed29f33d0 nmethod 2082 0x000001bec2985990 code [0x000001bec2985b20, 0x000001bec2985cb8]
Event: 0.932 Thread 0x000001bed29f4170 nmethod 2083 0x000001bebb168b10 code [0x000001bebb168cc0, 0x000001bebb168f10]
Event: 0.938 Thread 0x000001bed29f33d0 2085       4       org.eclipse.jdt.launching.internal.org.objectweb.asm.ClassReader::readUtf (161 bytes)
Event: 0.939 Thread 0x000001bed29f1890 2086       1       java.util.concurrent.CopyOnWriteArrayList::setArray (6 bytes)
Event: 0.939 Thread 0x000001bed29f1890 nmethod 2086 0x000001bec2986110 code [0x000001bec29862a0, 0x000001bec29863c0]
Event: 0.949 Thread 0x000001bed29f33d0 nmethod 2085 0x000001bec2986410 code [0x000001bec2986600, 0x000001bec29873c8]
Event: 1.024 Thread 0x000001bed29f1f60 nmethod 1926% 0x000001bec2987a10 code [0x000001bec2988380, 0x000001bec29989e0]
Event: 1.113 Thread 0x000001bed29f0af0 nmethod 1968 0x000001bec29a0490 code [0x000001bec29a0fc0, 0x000001bec29ade00]
Event: 1.129 Thread 0x000001bed29cbbe0 nmethod 1960 0x000001bec29b3d10 code [0x000001bec29b4840, 0x000001bec29c2200]
Event: 420.178 Thread 0x000001bed29f2d00 2087       1       java.util.concurrent.locks.AbstractQueuedSynchronizer::getState (5 bytes)
Event: 420.178 Thread 0x000001bed29f2d00 nmethod 2087 0x000001bec29c8790 code [0x000001bec29c8920, 0x000001bec29c89e8]
Event: 420.178 Thread 0x000001bed29f2d00 2088       1       java.util.concurrent.locks.AbstractOwnableSynchronizer::getExclusiveOwnerThread (5 bytes)
Event: 420.178 Thread 0x000001bed29f2d00 nmethod 2088 0x000001bec29c8a90 code [0x000001bec29c8c20, 0x000001bec29c8cf0]
Event: 840.228 Thread 0x000001bed29f2d00 2089       1       java.util.concurrent.locks.AbstractQueuedSynchronizer::setState (6 bytes)
Event: 840.229 Thread 0x000001bed29f2d00 nmethod 2089 0x000001bec29c8d90 code [0x000001bec29c8f20, 0x000001bec29c8ff0]

GC Heap History (2 events):
Event: 0.475 GC heap before
{Heap before GC invocations=0 (full 0):
 garbage-first heap   total 258048K, used 22528K [0x0000000704c00000, 0x0000000800000000)
  region size 2048K, 11 young (22528K), 0 survivors (0K)
 Metaspace       used 5424K, committed 5568K, reserved 1114112K
  class space    used 524K, committed 576K, reserved 1048576K
}
Event: 0.479 GC heap after
{Heap after GC invocations=1 (full 0):
 garbage-first heap   total 258048K, used 2688K [0x0000000704c00000, 0x0000000800000000)
  region size 2048K, 2 young (4096K), 2 survivors (4096K)
 Metaspace       used 5424K, committed 5568K, reserved 1114112K
  class space    used 524K, committed 576K, reserved 1048576K
}

Dll operation events (9 events):
Event: 0.010 Loaded shared library C:\Users\User1\.p2\pool\plugins\org.eclipse.justj.openjdk.hotspot.jre.full.win32.x86_64_21.0.11.v20260515-1531\jre\bin\java.dll
Event: 0.032 Loaded shared library C:\Users\User1\.p2\pool\plugins\org.eclipse.justj.openjdk.hotspot.jre.full.win32.x86_64_21.0.11.v20260515-1531\jre\bin\zip.dll
Event: 0.101 Loaded shared library C:\Users\User1\.p2\pool\plugins\org.eclipse.justj.openjdk.hotspot.jre.full.win32.x86_64_21.0.11.v20260515-1531\jre\bin\instrument.dll
Event: 0.106 Loaded shared library C:\Users\User1\.p2\pool\plugins\org.eclipse.justj.openjdk.hotspot.jre.full.win32.x86_64_21.0.11.v20260515-1531\jre\bin\net.dll
Event: 0.107 Loaded shared library C:\Users\User1\.p2\pool\plugins\org.eclipse.justj.openjdk.hotspot.jre.full.win32.x86_64_21.0.11.v20260515-1531\jre\bin\nio.dll
Event: 0.111 Loaded shared library C:\Users\User1\.p2\pool\plugins\org.eclipse.justj.openjdk.hotspot.jre.full.win32.x86_64_21.0.11.v20260515-1531\jre\bin\zip.dll
Event: 0.189 Loaded shared library C:\Users\User1\.p2\pool\plugins\org.eclipse.justj.openjdk.hotspot.jre.full.win32.x86_64_21.0.11.v20260515-1531\jre\bin\jimage.dll
Event: 0.234 Loaded shared library C:\Users\User1\.p2\pool\plugins\org.eclipse.justj.openjdk.hotspot.jre.full.win32.x86_64_21.0.11.v20260515-1531\jre\bin\verify.dll
Event: 0.322 Loaded shared library C:\Users\User1\.p2\pool\plugins\org.eclipse.justj.openjdk.hotspot.jre.full.win32.x86_64_21.0.11.v20260515-1531\jre\bin\extnet.dll

Deoptimization events (20 events):
Event: 0.864 Thread 0x000001beb737d750 DEOPT PACKING pc=0x000001bec2941f88 sp=0x0000003ad24fd0b0
Event: 0.864 Thread 0x000001beb737d750 DEOPT UNPACKING pc=0x000001bec21d4422 sp=0x0000003ad24fd010 mode 2
Event: 0.876 Thread 0x000001beb737d750 Uncommon trap: trap_request=0xffffff45 fr.pc=0x000001bec2962ff8 relative=0x00000000000002f8
Event: 0.876 Thread 0x000001beb737d750 Uncommon trap: reason=unstable_if action=reinterpret pc=0x000001bec2962ff8 method=sun.reflect.generics.parser.SignatureParser.skipIdentifier()V @ 44 c2
Event: 0.876 Thread 0x000001beb737d750 DEOPT PACKING pc=0x000001bec2962ff8 sp=0x0000003ad24fc0d0
Event: 0.876 Thread 0x000001beb737d750 DEOPT UNPACKING pc=0x000001bec21d4422 sp=0x0000003ad24fc078 mode 2
Event: 0.876 Thread 0x000001beb737d750 Uncommon trap: trap_request=0xffffff45 fr.pc=0x000001bec292b0e0 relative=0x0000000000000120
Event: 0.876 Thread 0x000001beb737d750 Uncommon trap: reason=unstable_if action=reinterpret pc=0x000001bec292b0e0 method=sun.reflect.generics.parser.SignatureParser.current()C @ 39 c2
Event: 0.876 Thread 0x000001beb737d750 DEOPT PACKING pc=0x000001bec292b0e0 sp=0x0000003ad24fc330
Event: 0.876 Thread 0x000001beb737d750 DEOPT UNPACKING pc=0x000001bec21d4422 sp=0x0000003ad24fc2d8 mode 2
Event: 0.927 Thread 0x000001beb737d750 Uncommon trap: trap_request=0xffffff45 fr.pc=0x000001bec2901184 relative=0x0000000000000804
Event: 0.927 Thread 0x000001beb737d750 Uncommon trap: reason=unstable_if action=reinterpret pc=0x000001bec2901184 method=org.eclipse.jdt.launching.internal.org.objectweb.asm.ClassReader.readUtf(II[C)Ljava/lang/String; @ 41 c2
Event: 0.927 Thread 0x000001beb737d750 DEOPT PACKING pc=0x000001bec2901184 sp=0x0000003ad24f99c0
Event: 0.927 Thread 0x000001beb737d750 DEOPT UNPACKING pc=0x000001bec21d4422 sp=0x0000003ad24f99b8 mode 2
Event: 0.927 Thread 0x000001beb737d750 Uncommon trap: trap_request=0xffffff45 fr.pc=0x000001bec28fd6b8 relative=0x00000000000003f8
Event: 0.927 Thread 0x000001beb737d750 Uncommon trap: reason=unstable_if action=reinterpret pc=0x000001bec28fd6b8 method=jdk.internal.util.ArraysSupport.vectorizedHashCode(Ljava/lang/Object;IIII)I @ 2 c2
Event: 0.927 Thread 0x000001beb737d750 DEOPT PACKING pc=0x000001bec28fd6b8 sp=0x0000003ad24f99a0
Event: 0.927 Thread 0x000001beb737d750 DEOPT UNPACKING pc=0x000001bec21d4422 sp=0x0000003ad24f9970 mode 2
Event: 15093.813 Thread 0x000001beb737d750 DEOPT PACKING pc=0x000001bebb11799c sp=0x0000003ad24fb5e0
Event: 15093.813 Thread 0x000001beb737d750 DEOPT UNPACKING pc=0x000001bec21d4bc2 sp=0x0000003ad24faa98 mode 0

Classes loaded (20 events):
Event: 0.906 Loading class sun/nio/fs/WindowsPath$WindowsPathWithAttributes
Event: 0.906 Loading class sun/nio/fs/BasicFileAttributesHolder
Event: 0.906 Loading class sun/nio/fs/BasicFileAttributesHolder done
Event: 0.906 Loading class sun/nio/fs/WindowsPath$WindowsPathWithAttributes done
Event: 0.916 Loading class sun/security/provider/AbstractDrbg$NonceProvider
Event: 0.916 Loading class sun/security/provider/AbstractDrbg$NonceProvider done
Event: 0.920 Loading class java/io/StringReader
Event: 0.920 Loading class java/io/StringReader done
Event: 0.921 Loading class java/util/NoSuchElementException
Event: 0.921 Loading class java/util/NoSuchElementException done
Event: 0.921 Loading class java/lang/NoSuchFieldError
Event: 0.922 Loading class java/lang/NoSuchFieldError done
Event: 0.923 Loading class java/util/function/IntUnaryOperator
Event: 0.923 Loading class java/util/function/IntUnaryOperator done
Event: 0.930 Loading class java/util/stream/Streams$IntStreamBuilderImpl
Event: 0.930 Loading class java/util/stream/IntStream$Builder
Event: 0.930 Loading class java/util/stream/IntStream$Builder done
Event: 0.930 Loading class java/util/stream/Streams$IntStreamBuilderImpl done
Event: 0.939 Loading class java/util/ArrayList$ListItr
Event: 0.939 Loading class java/util/ArrayList$ListItr done

Classes unloaded (0 events):
No events

Classes redefined (1 events):
Event: 15093.821 Thread 0x000001bed298b220 redefined class name=test.com.sqa.lab.ShiftCipherEncryptionTest, count=1

Internal exceptions (20 events):
Event: 0.798 Thread 0x000001beb737d750 Exception <a 'java/lang/NoSuchMethodError'{0x0000000712a451d0}: 'void java.lang.invoke.DirectMethodHandle$Holder.invokeStaticInit(java.lang.Object)'> (0x0000000712a451d0) 
thrown [s\src\hotspot\share\interpreter\linkResolver.cpp, line 773]
Event: 0.840 Thread 0x000001beb737d750 Exception <a 'java/lang/NoSuchMethodError'{0x0000000712665c00}: 'int java.lang.invoke.DirectMethodHandle$Holder.invokeSpecial(java.lang.Object, java.lang.Object, java.lang.Object, java.lang.Object)'> (0x0000000712665c00) 
thrown [s\src\hotspot\share\interpreter\linkResolver.cpp, line 773]
Event: 0.852 Thread 0x000001beb737d750 Exception <a 'java/lang/NoSuchMethodError'{0x00000007127a0158}: 'java.lang.Object java.lang.invoke.DirectMethodHandle$Holder.invokeStatic(java.lang.Object, int, java.lang.Object, java.lang.Object)'> (0x00000007127a0158) 
thrown [s\src\hotspot\share\interpreter\linkResolver.cpp, line 773]
Event: 0.853 Thread 0x000001beb737d750 Exception <a 'java/lang/NoSuchMethodError'{0x00000007127a4340}: 'java.lang.Object java.lang.invoke.DirectMethodHandle$Holder.invokeSpecial(java.lang.Object, java.lang.Object, int, java.lang.Object, java.lang.Object)'> (0x00000007127a4340) 
thrown [s\src\hotspot\share\interpreter\linkResolver.cpp, line 773]
Event: 0.853 Thread 0x000001beb737d750 Exception <a 'java/lang/NoSuchMethodError'{0x00000007127a8230}: 'java.lang.Object java.lang.invoke.DelegatingMethodHandle$Holder.delegate(java.lang.Object, int, java.lang.Object, java.lang.Object)'> (0x00000007127a8230) 
thrown [s\src\hotspot\share\interpreter\linkResolver.cpp, line 773]
Event: 0.856 Thread 0x000001beb737d750 Exception <a 'java/lang/NoSuchMethodError'{0x00000007127b8890}: 'int java.lang.invoke.Invokers$Holder.linkToTargetMethod(java.lang.Object, java.lang.Object, java.lang.Object)'> (0x00000007127b8890) 
thrown [s\src\hotspot\share\interpreter\linkResolver.cpp, line 773]
Event: 0.861 Thread 0x000001beb737d750 Exception <a 'java/lang/NoSuchMethodError'{0x0000000712404b10}: 'java.lang.Object java.lang.invoke.DirectMethodHandle$Holder.newInvokeSpecial(java.lang.Object, int, java.lang.Object)'> (0x0000000712404b10) 
thrown [s\src\hotspot\share\interpreter\linkResolver.cpp, line 773]
Event: 0.863 Thread 0x000001beb737d750 Exception <a 'java/lang/NoSuchMethodError'{0x000000071242aa58}: 'java.lang.Object java.lang.invoke.DirectMethodHandle$Holder.invokeStatic(java.lang.Object, int, java.lang.Object)'> (0x000000071242aa58) 
thrown [s\src\hotspot\share\interpreter\linkResolver.cpp, line 773]
Event: 0.871 Thread 0x000001beb737d750 Exception <a 'java/lang/NoSuchMethodError'{0x00000007124d9030}: 'java.lang.Object java.lang.invoke.DirectMethodHandle$Holder.invokeInterface(java.lang.Object, java.lang.Object, java.lang.Object)'> (0x00000007124d9030) 
thrown [s\src\hotspot\share\interpreter\linkResolver.cpp, line 773]
Event: 0.871 Thread 0x000001beb737d750 Exception <a 'java/lang/IncompatibleClassChangeError'{0x00000007124dc6e8}: Found class java.lang.Object, but interface was expected> (0x00000007124dc6e8) 
thrown [s\src\hotspot\share\interpreter\linkResolver.cpp, line 840]
Event: 0.873 Thread 0x000001beb737d750 Exception <a 'java/lang/IncompatibleClassChangeError'{0x00000007124f7708}: Found class java.lang.Object, but interface was expected> (0x00000007124f7708) 
thrown [s\src\hotspot\share\interpreter\linkResolver.cpp, line 840]
Event: 0.883 Thread 0x000001beb737d750 Exception <a 'java/lang/NoSuchMethodError'{0x00000007125a6350}: 'java.lang.Object java.lang.invoke.DirectMethodHandle$Holder.newInvokeSpecial(java.lang.Object, java.lang.Object, int)'> (0x00000007125a6350) 
thrown [s\src\hotspot\share\interpreter\linkResolver.cpp, line 773]
Event: 0.890 Thread 0x000001beb737d750 Exception <a 'java/lang/NoSuchMethodError'{0x0000000712236c50}: 'java.lang.Object java.lang.invoke.DirectMethodHandle$Holder.invokeStaticInit(java.lang.Object, int, int, int, int)'> (0x0000000712236c50) 
thrown [s\src\hotspot\share\interpreter\linkResolver.cpp, line 773]
Event: 0.913 Thread 0x000001beb737d750 Exception <a 'java/lang/NoSuchMethodError'{0x00000007122d0148}: 'java.lang.Object java.lang.invoke.DirectMethodHandle$Holder.invokeStaticInit(java.lang.Object, java.lang.Object, int, int, int, int)'> (0x00000007122d0148) 
thrown [s\src\hotspot\share\interpreter\linkResolver.cpp, line 773]
Event: 0.923 Thread 0x000001beb737d750 Exception <a 'java/lang/NoSuchMethodError'{0x0000000712366e68}: 'int java.lang.invoke.DirectMethodHandle$Holder.invokeVirtual(java.lang.Object, java.lang.Object, int)'> (0x0000000712366e68) 
thrown [s\src\hotspot\share\interpreter\linkResolver.cpp, line 773]
Event: 0.926 Thread 0x000001beb737d750 Exception <a 'java/lang/NoSuchMethodError'{0x00000007123bc330}: 'void java.lang.invoke.DirectMethodHandle$Holder.invokeInterface(java.lang.Object, java.lang.Object, java.lang.Object, java.lang.Object, java.lang.Object)'> (0x00000007123bc330) 
thrown [s\src\hotspot\share\interpreter\linkResolver.cpp, line 773]
Event: 0.926 Thread 0x000001beb737d750 Exception <a 'java/lang/IncompatibleClassChangeError'{0x00000007123bfde0}: Found class java.lang.Object, but interface was expected> (0x00000007123bfde0) 
thrown [s\src\hotspot\share\interpreter\linkResolver.cpp, line 840]
Event: 0.927 Thread 0x000001beb737d750 Exception <a 'java/lang/IncompatibleClassChangeError'{0x00000007123c3e08}: Found class java.lang.Object, but interface was expected> (0x00000007123c3e08) 
thrown [s\src\hotspot\share\interpreter\linkResolver.cpp, line 840]
Event: 0.937 Thread 0x000001beb737d750 Exception <a 'java/lang/NoSuchMethodError'{0x000000071207ab68}: 'java.lang.Object java.lang.invoke.DirectMethodHandle$Holder.invokeInterface(java.lang.Object, java.lang.Object, java.lang.Object, java.lang.Object, java.lang.Object)'> (0x000000071207ab68) 
thrown [s\src\hotspot\share\interpreter\linkResolver.cpp, line 773]
Event: 0.937 Thread 0x000001beb737d750 Exception <a 'java/lang/IncompatibleClassChangeError'{0x000000071207e960}: Found class java.lang.Object, but interface was expected> (0x000000071207e960) 
thrown [s\src\hotspot\share\interpreter\linkResolver.cpp, line 840]

ZGC Phase Switch (0 events):
No events

VM Operations (20 events):
Event: 9.060 Executing safepoint VM operation: get/set locals
Event: 9.060 Executing safepoint VM operation: get/set locals done
Event: 50.994 Executing safepoint VM operation: get/set locals
Event: 50.994 Executing safepoint VM operation: get/set locals done
Event: 51.965 Executing safepoint VM operation: get/set locals
Event: 51.965 Executing safepoint VM operation: get/set locals done
Event: 52.631 Executing safepoint VM operation: get/set locals
Event: 52.631 Executing safepoint VM operation: get/set locals done
Event: 15093.813 Executing safepoint VM operation: ChangeSingleStep
Event: 15093.813 Executing safepoint VM operation: ChangeSingleStep done
Event: 15093.813 Executing safepoint VM operation: ChangeSingleStep
Event: 15093.813 Executing safepoint VM operation: ChangeSingleStep done
Event: 15093.819 Executing safepoint VM operation: RedefineClasses
Event: 15093.827 Executing safepoint VM operation: RedefineClasses done
Event: 15093.832 Executing safepoint VM operation: ChangeBreakpoints
Event: 15093.833 Executing safepoint VM operation: ChangeBreakpoints done
Event: 15093.838 Executing safepoint VM operation: ChangeBreakpoints
Event: 15093.838 Executing safepoint VM operation: ChangeBreakpoints done
Event: 15093.840 Executing safepoint VM operation: ChangeSingleStep
Event: 15093.840 Executing safepoint VM operation: ChangeSingleStep done

Memory protections (0 events):
No events

Nmethod flushes (0 events):
No events

Events (20 events):
Event: 0.059 Thread 0x000001bed29f2d00 Thread added: 0x000001bed29f1890
Event: 0.059 Thread 0x000001bed29f2d00 Thread added: 0x000001bed29f11c0
Event: 0.060 Thread 0x000001bed29f11c0 Thread added: 0x000001bed29f4170
Event: 0.078 Thread 0x000001beb737d750 Thread added: 0x000001bed2bda430
Event: 0.078 Thread 0x000001beb737d750 Thread added: 0x000001bed2c04e90
Event: 0.078 Thread 0x000001bed2bda430 Thread added: 0x000001bed2c076a0
Event: 0.103 Thread 0x000001beb737d750 Thread added: 0x000001bed2cd7210
Event: 0.230 Thread 0x000001beb737d750 Thread added: 0x000001bf1853dab0
Event: 0.281 Thread 0x000001bed29f4170 Thread added: 0x000001bed29f0af0
Event: 0.328 Thread 0x000001beb737d750 Thread added: 0x000001bf185a6290
Event: 0.466 Thread 0x000001bed29f2d00 Thread added: 0x000001bed29f33d0
Event: 0.480 Thread 0x000001bed29f11c0 Thread added: 0x000001bed29f1f60
Event: 0.481 Thread 0x000001bed29f11c0 Thread added: 0x000001bed29f2630
Event: 5.948 Thread 0x000001bed29f2630 Thread exited: 0x000001bed29f2630
Event: 5.948 Thread 0x000001bed29f4170 Thread exited: 0x000001bed29f4170
Event: 5.948 Thread 0x000001bed29f1890 Thread exited: 0x000001bed29f1890
Event: 5.948 Thread 0x000001bed29f11c0 Thread exited: 0x000001bed29f11c0
Event: 6.024 Thread 0x000001bed29f1f60 Thread exited: 0x000001bed29f1f60
Event: 10.966 Thread 0x000001bed29f33d0 Thread exited: 0x000001bed29f33d0
Event: 11.120 Thread 0x000001bed29f0af0 Thread exited: 0x000001bed29f0af0


Dynamic libraries:
0x00007ff6194a0000 - 0x00007ff6194ae000 	C:\Users\User1\.p2\pool\plugins\org.eclipse.justj.openjdk.hotspot.jre.full.win32.x86_64_21.0.11.v20260515-1531\jre\bin\javaw.exe
0x00007ffc2bea0000 - 0x00007ffc2c106000 	C:\WINDOWS\SYSTEM32\ntdll.dll
0x00007ffc2abb0000 - 0x00007ffc2ac79000 	C:\WINDOWS\System32\KERNEL32.DLL
0x00007ffc29230000 - 0x00007ffc2962e000 	C:\WINDOWS\System32\KERNELBASE.dll
0x00007ffc298f0000 - 0x00007ffc29a3c000 	C:\WINDOWS\System32\ucrtbase.dll
0x00007ffbfa1d0000 - 0x00007ffbfa1e8000 	C:\Users\User1\.p2\pool\plugins\org.eclipse.justj.openjdk.hotspot.jre.full.win32.x86_64_21.0.11.v20260515-1531\jre\bin\jli.dll
0x00007ffbfa1b0000 - 0x00007ffbfa1ce000 	C:\Users\User1\.p2\pool\plugins\org.eclipse.justj.openjdk.hotspot.jre.full.win32.x86_64_21.0.11.v20260515-1531\jre\bin\VCRUNTIME140.dll
0x00007ffc2b310000 - 0x00007ffc2b4d7000 	C:\WINDOWS\System32\USER32.dll
0x00007ffc29ba0000 - 0x00007ffc29bc7000 	C:\WINDOWS\System32\win32u.dll
0x00007ffc09db0000 - 0x00007ffc0a042000 	C:\WINDOWS\WinSxS\amd64_microsoft.windows.common-controls_6595b64144ccf1df_6.0.26100.8875_none_3e0d5d42e32fe9dd\COMCTL32.dll
0x00007ffc2b1a0000 - 0x00007ffc2b1cb000 	C:\WINDOWS\System32\GDI32.dll
0x00007ffc2afc0000 - 0x00007ffc2b069000 	C:\WINDOWS\System32\msvcrt.dll
0x00007ffc297c0000 - 0x00007ffc298ea000 	C:\WINDOWS\System32\gdi32full.dll
0x00007ffc29180000 - 0x00007ffc29223000 	C:\WINDOWS\System32\msvcp_win.dll
0x00007ffc2b2d0000 - 0x00007ffc2b302000 	C:\WINDOWS\System32\IMM32.DLL
0x00007ffc03740000 - 0x00007ffc0374c000 	C:\Users\User1\.p2\pool\plugins\org.eclipse.justj.openjdk.hotspot.jre.full.win32.x86_64_21.0.11.v20260515-1531\jre\bin\vcruntime140_1.dll
0x00007ffbe5760000 - 0x00007ffbe57ed000 	C:\Users\User1\.p2\pool\plugins\org.eclipse.justj.openjdk.hotspot.jre.full.win32.x86_64_21.0.11.v20260515-1531\jre\bin\msvcp140.dll
0x00007ffb749d0000 - 0x00007ffb75772000 	C:\Users\User1\.p2\pool\plugins\org.eclipse.justj.openjdk.hotspot.jre.full.win32.x86_64_21.0.11.v20260515-1531\jre\bin\server\jvm.dll
0x00007ffc2ae00000 - 0x00007ffc2aeb7000 	C:\WINDOWS\System32\ADVAPI32.dll
0x00007ffc2a740000 - 0x00007ffc2a7ea000 	C:\WINDOWS\System32\sechost.dll
0x00007ffc29c40000 - 0x00007ffc29d58000 	C:\WINDOWS\System32\RPCRT4.dll
0x00007ffc29f00000 - 0x00007ffc29f80000 	C:\WINDOWS\System32\WS2_32.dll
0x00007ffc28f20000 - 0x00007ffc28f7e000 	C:\WINDOWS\SYSTEM32\POWRPROF.dll
0x00007ffc20070000 - 0x00007ffc200a6000 	C:\WINDOWS\SYSTEM32\WINMM.dll
0x00007ffc1bb60000 - 0x00007ffc1bb6b000 	C:\WINDOWS\SYSTEM32\VERSION.dll
0x00007ffc28f00000 - 0x00007ffc28f14000 	C:\WINDOWS\SYSTEM32\UMPDC.dll
0x00007ffc27d70000 - 0x00007ffc27d8b000 	C:\WINDOWS\SYSTEM32\kernel.appcore.dll
0x00007ffc21250000 - 0x00007ffc2125a000 	C:\Users\User1\.p2\pool\plugins\org.eclipse.justj.openjdk.hotspot.jre.full.win32.x86_64_21.0.11.v20260515-1531\jre\bin\jimage.dll
0x00007ffc26450000 - 0x00007ffc26692000 	C:\WINDOWS\SYSTEM32\DBGHELP.DLL
0x00007ffc2a7f0000 - 0x00007ffc2ab73000 	C:\WINDOWS\System32\combase.dll
0x00007ffc2bd80000 - 0x00007ffc2be59000 	C:\WINDOWS\System32\OLEAUT32.dll
0x00007ffc20d50000 - 0x00007ffc20d8b000 	C:\WINDOWS\SYSTEM32\dbgcore.DLL
0x00007ffc290c0000 - 0x00007ffc2916c000 	C:\WINDOWS\System32\bcryptPrimitives.dll
0x00007ffc21260000 - 0x00007ffc2129c000 	C:\Users\User1\.p2\pool\plugins\org.eclipse.justj.openjdk.hotspot.jre.full.win32.x86_64_21.0.11.v20260515-1531\jre\bin\jdwp.dll
0x00007ffc21160000 - 0x00007ffc2116f000 	C:\Users\User1\.p2\pool\plugins\org.eclipse.justj.openjdk.hotspot.jre.full.win32.x86_64_21.0.11.v20260515-1531\jre\bin\instrument.dll
0x00007ffc1b5c0000 - 0x00007ffc1b5e0000 	C:\Users\User1\.p2\pool\plugins\org.eclipse.justj.openjdk.hotspot.jre.full.win32.x86_64_21.0.11.v20260515-1531\jre\bin\java.dll
0x00007ffc29fa0000 - 0x00007ffc2a732000 	C:\WINDOWS\System32\SHELL32.dll
0x00007ffc26b20000 - 0x00007ffc273b2000 	C:\WINDOWS\SYSTEM32\windows.storage.dll
0x00007ffc2b1d0000 - 0x00007ffc2b2c7000 	C:\WINDOWS\System32\SHCORE.dll
0x00007ffc2b070000 - 0x00007ffc2b0d7000 	C:\WINDOWS\System32\shlwapi.dll
0x00007ffc28fe0000 - 0x00007ffc29009000 	C:\WINDOWS\SYSTEM32\profapi.dll
0x00007ffc07580000 - 0x00007ffc07598000 	C:\Users\User1\.p2\pool\plugins\org.eclipse.justj.openjdk.hotspot.jre.full.win32.x86_64_21.0.11.v20260515-1531\jre\bin\zip.dll
0x00007ffc21150000 - 0x00007ffc2115c000 	C:\Users\User1\.p2\pool\plugins\org.eclipse.justj.openjdk.hotspot.jre.full.win32.x86_64_21.0.11.v20260515-1531\jre\bin\dt_socket.dll
0x00007ffc27710000 - 0x00007ffc27743000 	C:\WINDOWS\SYSTEM32\IPHLPAPI.DLL
0x00007ffc28300000 - 0x00007ffc2836c000 	C:\WINDOWS\system32\mswsock.dll
0x00007ffc277a0000 - 0x00007ffc278f6000 	C:\WINDOWS\SYSTEM32\DNSAPI.dll
0x00007ffc28120000 - 0x00007ffc2812d000 	C:\WINDOWS\SYSTEM32\DSPARSE.dll
0x00007ffc2adf0000 - 0x00007ffc2adfa000 	C:\WINDOWS\System32\NSI.dll
0x00007ffc1fac0000 - 0x00007ffc1facb000 	C:\Windows\System32\rasadhlp.dll
0x00007ffc21840000 - 0x00007ffc218c6000 	C:\WINDOWS\System32\fwpuclnt.dll
0x00007ffc1b5b0000 - 0x00007ffc1b5c0000 	C:\Users\User1\.p2\pool\plugins\org.eclipse.justj.openjdk.hotspot.jre.full.win32.x86_64_21.0.11.v20260515-1531\jre\bin\net.dll
0x00007ffc20880000 - 0x00007ffc209a7000 	C:\WINDOWS\SYSTEM32\WINHTTP.dll
0x00007ffc05950000 - 0x00007ffc05966000 	C:\Users\User1\.p2\pool\plugins\org.eclipse.justj.openjdk.hotspot.jre.full.win32.x86_64_21.0.11.v20260515-1531\jre\bin\nio.dll
0x00007ffc07570000 - 0x00007ffc07580000 	C:\Users\User1\.p2\pool\plugins\org.eclipse.justj.openjdk.hotspot.jre.full.win32.x86_64_21.0.11.v20260515-1531\jre\bin\verify.dll
0x00007ffbfc190000 - 0x00007ffbfc199000 	C:\Users\User1\.p2\pool\plugins\org.eclipse.justj.openjdk.hotspot.jre.full.win32.x86_64_21.0.11.v20260515-1531\jre\bin\extnet.dll
0x00007ffc285d0000 - 0x00007ffc285eb000 	C:\WINDOWS\SYSTEM32\CRYPTSP.dll
0x00007ffc27cd0000 - 0x00007ffc27d09000 	C:\WINDOWS\system32\rsaenh.dll
0x00007ffc283c0000 - 0x00007ffc283f2000 	C:\WINDOWS\SYSTEM32\USERENV.dll
0x00007ffc28fb0000 - 0x00007ffc28fda000 	C:\WINDOWS\SYSTEM32\bcrypt.dll
0x00007ffc285b0000 - 0x00007ffc285bc000 	C:\WINDOWS\SYSTEM32\CRYPTBASE.dll

JVMTI agents:
jdwp path:C:\Users\User1\.p2\pool\plugins\org.eclipse.justj.openjdk.hotspot.jre.full.win32.x86_64_21.0.11.v20260515-1531\jre\bin\jdwp.dll, loaded, initialized, options:transport=dt_socket,suspend=y,address=localhost:53179
C:\Users\User1\eclipse\java-2026-06\eclipse\configuration\org.eclipse.osgi\258\0\.cp\lib\javaagent-shaded.jar path:C:\Users\User1\.p2\pool\plugins\org.eclipse.justj.openjdk.hotspot.jre.full.win32.x86_64_21.0.11.v20260515-1531\jre\bin\instrument.dll, loaded, initialized, instrumentlib options:none

dbghelp: loaded successfully - version: 4.0.5 - missing functions: none
symbol engine: initialized successfully - sym options: 0x614 - pdb path: .;C:\Users\User1\.p2\pool\plugins\org.eclipse.justj.openjdk.hotspot.jre.full.win32.x86_64_21.0.11.v20260515-1531\jre\bin;C:\WINDOWS\SYSTEM32;C:\WINDOWS\WinSxS\amd64_microsoft.windows.common-controls_6595b64144ccf1df_6.0.26100.8875_none_3e0d5d42e32fe9dd;C:\Users\User1\.p2\pool\plugins\org.eclipse.justj.openjdk.hotspot.jre.full.win32.x86_64_21.0.11.v20260515-1531\jre\bin\server

VM Arguments:
jvm_args: -XX:+ShowCodeDetailsInExceptionMessages -agentlib:jdwp=transport=dt_socket,suspend=y,address=localhost:53179 -ea -javaagent:C:\Users\User1\eclipse\java-2026-06\eclipse\configuration\org.eclipse.osgi\258\0\.cp\lib\javaagent-shaded.jar -Dfile.encoding=UTF-8 -Dstdout.encoding=UTF-8 -Dstderr.encoding=UTF-8 
java_command: org.eclipse.jdt.internal.junit.runner.RemoteTestRunner -version 3 -port 53178 -testLoaderClass org.eclipse.jdt.internal.junit6.runner.JUnit6TestLoader -loaderpluginname org.eclipse.jdt.junit6.runtime -classNames test.com.sqa.lab.ShiftCipherEncryptionTest
java_class_path (initial): D:\Levto\Com Sci KKU\SQA\SQA_Lab5\SQA_Lab5\ShiftCipher\bin;C:\Users\User1\.p2\pool\plugins\junit-jupiter-api_6.1.0.jar;C:\Users\User1\.p2\pool\plugins\junit-jupiter-engine_6.1.0.jar;C:\Users\User1\.p2\pool\plugins\junit-jupiter-params_6.1.0.jar;C:\Users\User1\.p2\pool\plugins\junit-platform-commons_6.1.0.jar;C:\Users\User1\.p2\pool\plugins\junit-platform-engine_6.1.0.jar;C:\Users\User1\.p2\pool\plugins\junit-platform-launcher_6.1.0.jar;C:\Users\User1\.p2\pool\plugins\junit-platform-suite-api_6.1.0.jar;C:\Users\User1\.p2\pool\plugins\junit-platform-suite-engine_6.1.0.jar;C:\Users\User1\.p2\pool\plugins\org.opentest4j_1.3.0.jar;C:\Users\User1\.p2\pool\plugins\org.apiguardian.api_1.1.2.jar;C:\Users\User1\.p2\pool\plugins\org.hamcrest_3.0.0.jar;C:\Users\User1\eclipse\java-2026-06\eclipse\configuration\org.eclipse.osgi\257\0\.cp;C:\Users\User1\eclipse\java-2026-06\eclipse\configuration\org.eclipse.osgi\254\0\.cp
Launcher Type: SUN_STANDARD

[Global flags]
     intx CICompilerCount                          = 12                                        {product} {ergonomic}
     uint ConcGCThreads                            = 4                                         {product} {ergonomic}
     uint G1ConcRefinementThreads                  = 15                                        {product} {ergonomic}
   size_t G1HeapRegionSize                         = 2097152                                   {product} {ergonomic}
    uintx GCDrainStackTargetSize                   = 64                                        {product} {ergonomic}
   size_t InitialHeapSize                          = 264241152                                 {product} {ergonomic}
   size_t MarkStackSize                            = 4194304                                   {product} {ergonomic}
   size_t MaxHeapSize                              = 4215275520                                {product} {ergonomic}
   size_t MaxNewSize                               = 2529165312                                {product} {ergonomic}
   size_t MinHeapDeltaBytes                        = 2097152                                   {product} {ergonomic}
   size_t MinHeapSize                              = 8388608                                   {product} {ergonomic}
    uintx NonNMethodCodeHeapSize                   = 7602480                                {pd product} {ergonomic}
    uintx NonProfiledCodeHeapSize                  = 122027880                              {pd product} {ergonomic}
    uintx ProfiledCodeHeapSize                     = 122027880                              {pd product} {ergonomic}
    uintx ReservedCodeCacheSize                    = 251658240                              {pd product} {ergonomic}
     bool SegmentedCodeCache                       = true                                      {product} {ergonomic}
     bool ShowCodeDetailsInExceptionMessages       = true                                   {manageable} {command line}
   size_t SoftMaxHeapSize                          = 4215275520                             {manageable} {ergonomic}
     bool UseCompressedOops                        = true                           {product lp64_product} {ergonomic}
     bool UseG1GC                                  = true                                      {product} {ergonomic}
     bool UseLargePagesIndividualAllocation        = false                                  {pd product} {ergonomic}

Logging:
Log output configuration:
 #0: stdout all=warning uptime,level,tags foldmultilines=false
 #1: stderr all=off uptime,level,tags foldmultilines=false

Release file:
JAVA_VERSION="21.0.11" 
MODULES="java.base java.compiler java.datatransfer java.xml java.prefs java.desktop java.instrument java.logging java.management java.security.sasl java.naming java.rmi java.management.rmi java.net.http java.scripting java.security.jgss java.transaction.xa java.sql java.sql.rowset java.xml.crypto java.se java.smartcardio jdk.accessibility jdk.internal.jvmstat jdk.attach jdk.charsets jdk.internal.opt jdk.zipfs jdk.compiler jdk.crypto.ec jdk.crypto.cryptoki jdk.crypto.mscapi jdk.dynalink jdk.internal.ed jdk.editpad jdk.hotspot.agent jdk.httpserver jdk.internal.le jdk.internal.vm.ci jdk.internal.vm.compiler jdk.internal.vm.compiler.management jdk.jartool jdk.javadoc jdk.jcmd jdk.management jdk.management.agent jdk.jconsole jdk.jdeps jdk.jdwp.agent jdk.jdi jdk.jfr jdk.jshell jdk.jsobject jdk.jstatd jdk.localedata jdk.management.jfr jdk.naming.dns jdk.naming.rmi jdk.net jdk.nio.mapmode jdk.random jdk.sctp jdk.security.auth jdk.security.jgss jdk.unsupported jdk.unsupported.desktop jdk.xml.dom" 

Environment Variables:
JAVA_HOME=C:\Program Files\Java\jdk-26.0.1
PATH=C:\Users\User1\.p2\pool\plugins\org.eclipse.justj.openjdk.hotspot.jre.full.win32.x86_64_21.0.11.v20260515-1531\jre\bin;C:/Users/User1/.p2/pool/plugins/org.eclipse.justj.openjdk.hotspot.jre.full.win32.x86_64_21.0.11.v20260515-1531/jre/bin/server;C:/Users/User1/.p2/pool/plugins/org.eclipse.justj.openjdk.hotspot.jre.full.win32.x86_64_21.0.11.v20260515-1531/jre/bin;C:\Program Files\Common Files\Oracle\Java\javapath;C:\Program Files (x86)\Common Files\Intel\Shared Libraries\redist\intel64\compiler;C:\windows\system32;C:\windows;C:\windows\System32\Wbem;C:\windows\System32\WindowsPowerShell\v1.0\;C:\windows\System32\OpenSSH\;C:\Program Files (x86)\NVIDIA Corporation\PhysX\Common;C:\Users\Administrator\AppData\Local\Microsoft\WindowsApps;C:\Program Files\HP\OMEN-Broadcast\Common;C:\WINDOWS\system32;C:\WINDOWS;C:\WINDOWS\System32\Wbem;C:\WINDOWS\System32\WindowsPowerShell\v1.0\;C:\WINDOWS\System32\OpenSSH\;C:\Program Files\NVIDIA Corporation\NVIDIA App\NvDLISR;C:\Program Files\Java\jdk-26.0.1\bin;C:\Program Files\apache-maven-3.9.16\bin;C:\Program Files\Git\cmd;C:\Program Files\dotnet\;C:\Users\User1\.local\bin;C:\Users\User1\AppData\Local\Microsoft\WindowsApps;C:\Users\User1\AppData\Local\Programs\Microsoft VS Code\bin;C:\Users\User1\AppData\Local\GitHubDesktop\bin;C:\WINDOWS\System32;
USERNAME=User1
OS=Windows_NT
PROCESSOR_IDENTIFIER=Intel64 Family 6 Model 191 Stepping 2, GenuineIntel
TMP=C:\Users\User1\AppData\Local\Temp
TEMP=C:\Users\User1\AppData\Local\Temp




Periodic native trim disabled

---------------  S Y S T E M  ---------------

OS:
 Windows 11 , 64 bit Build 26100 (10.0.26100.8875)
OS uptime: 6 days 16:35 hours
Hyper-V role detected

CPU: total 20 (initial active 20) (10 cores per cpu, 2 threads per core) family 6 model 191 stepping 2 microcode 0x3e, cx8, cmov, fxsr, ht, mmx, 3dnowpref, sse, sse2, sse3, ssse3, sse4.1, sse4.2, popcnt, lzcnt, tsc, tscinvbit, avx, avx2, aes, erms, clmul, bmi1, bmi2, adx, sha, fma, vzeroupper, clflush, clflushopt, clwb, hv, serialize, rdtscp, rdpid, fsrm, f16c, cet_ibt, cet_ss
Processor Information for processor 0
  Max Mhz: 2500, Current Mhz: 2500, Mhz Limit: 2500
Processor Information for processor 1
  Max Mhz: 2500, Current Mhz: 2500, Mhz Limit: 2500
Processor Information for processor 2
  Max Mhz: 2500, Current Mhz: 2500, Mhz Limit: 2500
Processor Information for processor 3
  Max Mhz: 2500, Current Mhz: 2500, Mhz Limit: 2500
Processor Information for processor 4
  Max Mhz: 2500, Current Mhz: 2500, Mhz Limit: 2500
Processor Information for processor 5
  Max Mhz: 2500, Current Mhz: 2500, Mhz Limit: 2500
Processor Information for processor 6
  Max Mhz: 2500, Current Mhz: 2500, Mhz Limit: 2500
Processor Information for processor 7
  Max Mhz: 2500, Current Mhz: 2500, Mhz Limit: 2500
Processor Information for processor 8
  Max Mhz: 2500, Current Mhz: 2500, Mhz Limit: 2500
Processor Information for processor 9
  Max Mhz: 2500, Current Mhz: 2500, Mhz Limit: 2500
Processor Information for processor 10
  Max Mhz: 2500, Current Mhz: 2500, Mhz Limit: 2500
Processor Information for processor 11
  Max Mhz: 2500, Current Mhz: 2500, Mhz Limit: 2500
Processor Information for processor 12
  Max Mhz: 2500, Current Mhz: 2500, Mhz Limit: 2500
Processor Information for processor 13
  Max Mhz: 2500, Current Mhz: 2500, Mhz Limit: 2500
Processor Information for processor 14
  Max Mhz: 2500, Current Mhz: 2500, Mhz Limit: 2500
Processor Information for processor 15
  Max Mhz: 2500, Current Mhz: 2500, Mhz Limit: 2500
Processor Information for processor 16
  Max Mhz: 2500, Current Mhz: 2500, Mhz Limit: 2500
Processor Information for processor 17
  Max Mhz: 2500, Current Mhz: 2500, Mhz Limit: 2500
Processor Information for processor 18
  Max Mhz: 2500, Current Mhz: 1527, Mhz Limit: 2500
Processor Information for processor 19
  Max Mhz: 2500, Current Mhz: 2500, Mhz Limit: 2500

Memory: 4k page, system-wide physical 16077M (4060M free)
TotalPageFile size 25805M (AvailPageFile size 7881M)
current process WorkingSet (physical memory assigned to process): 100M, peak: 189M
current process commit charge ("private bytes"): 370M, peak: 458M

vm_info: OpenJDK 64-Bit Server VM (21.0.11+10-LTS) for windows-amd64 JRE (21.0.11+10-LTS), built on 2026-04-21T00:00:00Z by "admin" with MS VC++ 17.12 (VS2022)

END.
