#
# A fatal error has been detected by the Java Runtime Environment:
#
#  EXCEPTION_ACCESS_VIOLATION (0xc0000005) at pc=0x000001aba4052bd0, pid=5172, tid=18456
#
# JRE version: OpenJDK Runtime Environment Temurin-21.0.11+10 (21.0.11+10) (build 21.0.11+10-LTS)
# Java VM: OpenJDK 64-Bit Server VM Temurin-21.0.11+10 (21.0.11+10-LTS, mixed mode, sharing, tiered, compressed oops, compressed class ptrs, g1 gc, windows-amd64)
# Problematic frame:
# v  ~BufferBlob::MethodHandles adapters 0x000001aba4052bd0
#
# No core dump will be written. Minidumps are not enabled by default on client versions of Windows
#
# If you would like to submit a bug report, please visit:
#   https://github.com/adoptium/adoptium-support/issues
#

---------------  S U M M A R Y ------------

Command Line: -XX:+ShowCodeDetailsInExceptionMessages -agentlib:jdwp=transport=dt_socket,suspend=y,address=localhost:57624 -ea -javaagent:C:\Users\User1\eclipse\java-2026-06\eclipse\configuration\org.eclipse.osgi\258\0\.cp\lib\javaagent-shaded.jar -Dfile.encoding=UTF-8 -Dstdout.encoding=UTF-8 -Dstderr.encoding=UTF-8 org.eclipse.jdt.internal.junit.runner.RemoteTestRunner -version 3 -port 57623 -testLoaderClass org.eclipse.jdt.internal.junit6.runner.JUnit6TestLoader -loaderpluginname org.eclipse.jdt.junit6.runtime -test test.com.sqa.lab.ShiftCipherEncryptionTest:testEncryptInvalidInput(java.lang.String,int) -uniqueId [engine:junit-jupiter]/[class:test.com.sqa.lab.ShiftCipherEncryptionTest]/[test-template:testEncryptInvalidInput(java.lang.String, int)]/[test-template-invocation:#2]

Host: 13th Gen Intel(R) Core(TM) i5-13500HX, 20 cores, 15G,  Windows 11 , 64 bit Build 26100 (10.0.26100.8875)
Time: Wed Jul 22 14:14:13 2026 SE Asia Standard Time elapsed time: 15558.297528 seconds (0d 4h 19m 18s)

---------------  T H R E A D  ---------------

Current thread (0x000001ab9921c1c0):  JavaThread "main"             [_thread_in_Java, id=18456, stack(0x0000009b84600000,0x0000009b84700000) (1024K)]

Stack: [0x0000009b84600000,0x0000009b84700000],  sp=0x0000009b846fb578,  free space=1005k
Native frames: (J=compiled Java code, j=interpreted, Vv=VM code, C=native code)
C  0x000001aba4052bd0

The last pc belongs to _linkToSpecial (printed below).

siginfo: EXCEPTION_ACCESS_VIOLATION (0xc0000005), reading address 0xffffffffffffffff


Registers:
RAX=0x000001aba40291b4, RBX=0x6d6f632e74736574, RCX=0x0000009b846fb580, RDX=0x0000000000000002
RSP=0x0000009b846fb578, RBP=0x0000009b846fb5c8, RSI=0x000001abfa2dafa8, RDI=0x000001abfa364ee0
R8 =0x0000000000000001, R9 =0x000001ab96db15d0, R10=0x000001abb6010c70, R11=0x0000000000000002
R12=0x0000000000000000, R13=0x0000009b846fb578, R14=0x0000009b846fb5e8, R15=0x000001ab9921c1c0
RIP=0x000001aba4052bd0, EFLAGS=0x0000000000010202

XMM[0]=0x0000000000000000 0x0000000000000000
XMM[1]=0x0000000000000000 0x0000000000000000
XMM[2]=0x0000000000000000 0x0000000000000000
XMM[3]=0x0000000000000000 0x0000000000000000
XMM[4]=0x0000000000000000 0x0000000000000000
XMM[5]=0x0000000000000000 0x0000000000000000
XMM[6]=0xb080e3ca007ce89e 0xd4e6d197cc713441
XMM[7]=0xf2842b61a0894643 0x342fac4e84580439
XMM[8]=0xdab891e62b89f2c7 0xe05bcfeca337fc0d
XMM[9]=0xaec8e1c8aec8e1c8 0xaec8e1c8eddd1aa7
XMM[10]=0x0000000000000000 0x000000003f1438df
XMM[11]=0x3120eb013120eb01 0x3120eb011efe05a8
XMM[12]=0x0000000000000000 0x00000000eddd1aa7
XMM[13]=0x0000000000000000 0x0000000000000000
XMM[14]=0x0000000000000000 0x0000000000000000
XMM[15]=0x0000000000000000 0x0000000000000000
  MXCSR=0x00001fa0


Register to memory mapping:

RAX=0x000001aba40291b4 is at code_begin+3380 in an Interpreter codelet
return entry points  [0x000001aba4028480, 0x000001aba402a590]  8464 bytes
RBX=0x6d6f632e74736574 is an unknown value
RCX=0x0000009b846fb580 is pointing into the stack for thread: 0x000001ab9921c1c0
RDX=0x0000000000000002 is an unknown value
RSP=0x0000009b846fb578 is pointing into the stack for thread: 0x000001ab9921c1c0
RBP=0x0000009b846fb5c8 is pointing into the stack for thread: 0x000001ab9921c1c0
RSI=0x000001abfa2dafa8 points into unknown readable memory: 0x80000900879763ba | ba 63 97 87 00 09 00 80
RDI=0x000001abfa364ee0 points into unknown readable memory: 0x0000001800000070 | 70 00 00 00 18 00 00 00
R8 =0x0000000000000001 is an unknown value
R9 =0x000001ab96db15d0 points into unknown readable memory: 0x0000002000000001 | 01 00 00 00 20 00 00 00
R10=0x000001abb6010c70 is a pointer to class: 
test.com.sqa.lab.ShiftCipherEncryptionTest {0x000001abb6010c78}
 - instance size:     2
 - klass size:        68
 - access:            synchronized 
 - flags:             rewritten has_nonstatic_fields should_verify_class has_localvariable_table has_resolved_methods has_been_redefined 
 - state:             fully_initialized
 - name:              'test/com/sqa/lab/ShiftCipherEncryptionTest'
 - super:             'java/lang/Object'
 - sub:               
 - arrays:            null
 - methods:           Array<T>(0x000001abf6908418)
 - method ordering:   Array<T>(0x000001abf6908808)
 - local interfaces:  Array<T>(0x000001abb5611190)
 - trans. interfaces: Array<T>(0x000001abb5611190)
 - secondary supers: Array<T>(0x000001abb5610ce0)
 - hash_slot:         20
 - bitmap:            0x0000000000000000
 - constants:         constant pool [94]/operands[7] {0x000001abf6908fb0} for 'test/com/sqa/lab/ShiftCipherEncryptionTest' cache=0x000001abf6909348
 - class loader data:  loader data: 0x000001abb48d5e80 for instance a 'jdk/internal/loader/ClassLoaders$AppClassLoader'{0x0000000713050700}
 - source file:       'ShiftCipherEncryptionTest.java'
 - source debug extension:       SMAP
ShiftCipherEncryptionTest.java
Java
*S jdt
*F
1 ShiftCipherEncryptionTest.java
2 file:/D:/Levto/Com%20Sci%20KKU/SQA/SQA_Lab5/SQA_Lab5/ShiftCipher/bin/
*L
*E

 - inner classes:     Array<T>(0x000001abf69087d0)
 - nest members:     Array<T>(0x000001abb5611118)
 - permitted subclasses:     Array<T>(0x000001abb5611118)
 - java mirror:       a 'java/lang/Class'{0x00000007130057c8} = 'test/com/sqa/lab/ShiftCipherEncryptionTest'
 - vtable length      7  (start addr: 0x000001abb6010e40)
 - itable length      2 (start addr: 0x000001abb6010e78)
 - ---- static fields (0 words):
 - ---- non-static fields (1 words):
 - 'cipher' 'Lmain/com/sqa/lab/ShiftCipher;' @12 
 - non-static oop maps: 12-12 
R11=0x0000000000000002 is an unknown value
R12=0x0 is null
R13=0x0000009b846fb578 is pointing into the stack for thread: 0x000001ab9921c1c0
R14=0x0000009b846fb5e8 is pointing into the stack for thread: 0x000001ab9921c1c0
R15=0x000001ab9921c1c0 is a thread

Top of Stack: (sp=0x0000009b846fb578)
0x0000009b846fb578:   000001aba40291b4 0000009b846fb580   ..........o.....
0x0000009b846fb588:   000001abb5728a9f 0000000000000004   ..r.............
0x0000009b846fb598:   000001abb50af458 000001abf674b3a0   X.........t.....
0x0000009b846fb5a8:   000000071303ec78 000001abb50b3fa0   x........?......
0x0000009b846fb5b8:   0000009b846fb578 0000009b846fb5f0   x.o.......o.....
0x0000009b846fb5c8:   0000009b846fb898 000001ab9ce09d73   ..o.....s.......
0x0000009b846fb5d8:   000000071236df40 000000071236dfe8   @.6.......6.....
0x0000009b846fb5e8:   000000071236dfa0 000001abb5851826   ..6.....&.......
0x0000009b846fb5f8:   000000071236dfd0 0000000000000000   ..6.............
0x0000009b846fb608:   0000009b846fb608 000001abb5bb9ca8   ..o.............
0x0000009b846fb618:   0000000000000004 000001abb5431548   ........H.C.....
0x0000009b846fb628:   0000000000000000 00000007130b5908   .........Y......
0x0000009b846fb638:   000001abb5431088 0000000000000000   ..C.............
0x0000009b846fb648:   0000009b846fb668 0000009b846fb6c0   h.o.......o.....
0x0000009b846fb658:   000001aba40291b4 0000000000000000   ................
0x0000009b846fb668:   000000071236dfd0 0000000712b71890   ..6.............
0x0000009b846fb678:   0000009b846fb678 000001abb5bb9cb8   x.o.............
0x0000009b846fb688:   0000000000000004 000000071236dfd0   ..........6.....
0x0000009b846fb698:   0000000712334588 0000000700000000   .E3.............
0x0000009b846fb6a8:   000001abb5431088 0000000000000000   ..C.............
0x0000009b846fb6b8:   0000009b846fb6d8 0000009b846fb730   ..o.....0.o.....
0x0000009b846fb6c8:   000001aba40291b4 000000071236dfa0   ..........6.....
0x0000009b846fb6d8:   000000071236dfd0 000000071236dfd0   ..6.......6.....
0x0000009b846fb6e8:   0000009b846fb6e8 000001abb5bb9dce   ..o.............
0x0000009b846fb6f8:   0000000000000004 000001abb5431548   ........H.C.....
0x0000009b846fb708:   000001abf658b558 00000007130b5908   X.X......Y......
0x0000009b846fb718:   000001abb5431138 0000000000000000   8.C.............
0x0000009b846fb728:   0000009b846fb760 0000009b846fb898   `.o.......o.....
0x0000009b846fb738:   000001ab9ce02aa4 000000071236dfd0   .*........6.....
0x0000009b846fb748:   000001ab9ce08bc4 0000009b846fb898   ..........o.....
0x0000009b846fb758:   000001ab9ce02c42 0000009b846fb778   B,......x.o.....
0x0000009b846fb768:   0000009b846fb7d0 000001aba40295b8   ..o.............

Instructions: (pc=0x000001aba4052bd0)
0x000001aba4052ad0:   bf e0 05 00 00 00 74 03 ff 63 38 ff 63 50 e9 9d
0x000001aba4052ae0:   16 00 00 66 66 66 0f 1f 84 00 00 00 00 00 66 66
0x000001aba4052af0:   66 90 66 66 0f 1f 84 00 00 00 00 00 66 66 66 90
0x000001aba4052b00:   48 8b 53 08 0f b7 52 2e 48 8b 0c d4 58 5b 50 44
0x000001aba4052b10:   8b 51 08 49 bb 00 00 00 b5 ab 01 00 00 4d 03 d3
0x000001aba4052b20:   4c 8b 5b 10 4b 8b 9c da d0 01 00 00 48 85 db 0f
0x000001aba4052b30:   84 10 00 00 00 41 80 bf e0 05 00 00 00 74 03 ff
0x000001aba4052b40:   63 38 ff 63 50 e9 36 16 00 00 66 66 66 0f 1f 84
0x000001aba4052b50:   00 00 00 00 00 66 66 66 90 0f 1f 80 00 00 00 00
0x000001aba4052b60:   58 5b 50 8b 5b 24 48 c1 e3 03 48 8b 5b 10 48 85
0x000001aba4052b70:   db 0f 84 10 00 00 00 41 80 bf e0 05 00 00 00 74
0x000001aba4052b80:   03 ff 63 38 ff 63 50 e9 f4 15 00 00 66 66 66 0f
0x000001aba4052b90:   1f 84 00 00 00 00 00 66 66 66 90 0f 1f 44 00 00
0x000001aba4052ba0:   48 8b 53 08 0f b7 52 2e 48 8b 0c d4 58 5b 50 48
0x000001aba4052bb0:   3b 01 8b 5b 24 48 c1 e3 03 48 8b 5b 10 48 85 db
0x000001aba4052bc0:   0f 84 10 00 00 00 41 80 bf e0 05 00 00 00 74 03
0x000001aba4052bd0:   ff 63 38 ff 63 50 e9 a5 15 00 00 0f 1f 44 00 00
0x000001aba4052be0:   48 8b 53 08 0f b7 52 2e 48 8b 0c d4 58 5b 50 44
0x000001aba4052bf0:   8b 51 08 49 bb 00 00 00 b5 ab 01 00 00 4d 03 d3
0x000001aba4052c00:   8b 43 18 48 c1 e0 03 48 8b 40 10 48 8b 5b 10 45
0x000001aba4052c10:   8b 9a ac 00 00 00 4f 8d 9c da d0 01 00 00 4d 8d
0x000001aba4052c20:   14 da 49 8b 1b 48 3b c3 74 15 48 85 db 0f 84 32
0x000001aba4052c30:   00 00 00 49 83 c3 10 49 8b 1b 48 3b c3 75 eb 45
0x000001aba4052c40:   8b 5b 08 4b 8b 1c 1a 48 85 db 0f 84 10 00 00 00
0x000001aba4052c50:   41 80 bf e0 05 00 00 00 74 03 ff 63 38 ff 63 50
0x000001aba4052c60:   e9 1b 15 00 00 e9 16 12 00 00 f4 00 00 00 00 00
0x000001aba4052c70:   00 00 00 00 00 00 00 00 00 00 00 00 00 00 00 00
0x000001aba4052c80:   00 00 00 00 00 00 00 00 00 00 00 00 00 00 00 00
0x000001aba4052c90:   00 00 00 00 00 00 00 00 00 00 00 00 00 00 00 00
0x000001aba4052ca0:   00 00 00 00 00 00 00 00 00 00 00 00 00 00 00 00
0x000001aba4052cb0:   00 00 00 00 00 00 00 00 00 00 00 00 00 00 00 00
0x000001aba4052cc0:   00 00 00 00 00 00 00 00 00 00 00 00 00 00 00 00


Stack slot to memory mapping:

stack at sp + 0 slots: 0x000001aba40291b4 is at code_begin+3380 in an Interpreter codelet
return entry points  [0x000001aba4028480, 0x000001aba402a590]  8464 bytes
stack at sp + 1 slots: 0x0000009b846fb580 is pointing into the stack for thread: 0x000001ab9921c1c0
stack at sp + 2 slots: 0x000001abb5728a9f is pointing into metadata
stack at sp + 3 slots: 0x0000000000000004 is an unknown value
stack at sp + 4 slots: 0x000001abb50af458 is pointing into metadata
stack at sp + 5 slots: 0x000001abf674b3a0 is pointing into metadata
stack at sp + 6 slots: 0x000000071303ec78 is an oop: java.lang.Class 
{0x000000071303ec78} - klass: 'java/lang/Class'
 - ---- fields (total size 14 words):
 - private volatile transient 'classRedefinedCount' 'I' @12  0 (0x00000000)
 - injected 'klass' 'J' @16  1836988428320 (0x000001abb50af020)
 - injected 'array_klass' 'J' @24  0 (0x0000000000000000)
 - injected 'oop_size' 'I' @32  14 (0x0000000e)
 - injected 'static_oop_field_count' 'I' @36  0 (0x00000000)
 - private volatile transient 'cachedConstructor' 'Ljava/lang/reflect/Constructor;' @40  null (0x00000000)
 - private transient 'name' 'Ljava/lang/String;' @44  null (0x00000000)
 - private transient 'module' 'Ljava/lang/Module;' @48  a 'java/lang/Module'{0x00000007130509f8} (0xe260a13f)
 - private final 'classLoader' 'Ljava/lang/ClassLoader;' @52  null (0x00000000)
 - private transient 'classData' 'Ljava/lang/Object;' @56  null (0x00000000)
 - private transient 'packageName' 'Ljava/lang/String;' @60  null (0x00000000)
 - private final 'componentType' 'Ljava/lang/Class;' @64  null (0x00000000)
 - private volatile transient 'reflectionData' 'Ljava/lang/ref/SoftReference;' @68  null (0x00000000)
 - private volatile transient 'genericInfo' 'Lsun/reflect/generics/repository/ClassRepository;' @72  null (0x00000000)
 - private volatile transient 'enumConstants' '[Ljava/lang/Object;' @76  null (0x00000000)
 - private volatile transient 'enumConstantDirectory' 'Ljava/util/Map;' @80  null (0x00000000)
 - private volatile transient 'annotationData' 'Ljava/lang/Class$AnnotationData;' @84  null (0x00000000)
 - private volatile transient 'annotationType' 'Lsun/reflect/annotation/AnnotationType;' @88  null (0x00000000)
 - transient 'classValueMap' 'Ljava/lang/ClassValue$ClassValueMap;' @92  null (0x00000000)
 - injected 'protection_domain' 'Ljava/lang/Object;' @96  null (0x00000000)
 - injected 'signers_name' 'Ljava/lang/Object;' @100  null (0x00000000)
 - injected 'source_file' 'Ljava/lang/Object;' @104  null (0x00000000)
 - injected '<init_lock>' 'Ljava/lang/Object;' @108  null (0x00000000)
 - signature: Ljava/lang/invoke/DirectMethodHandle$Holder;
 - ---- static fields (0):
stack at sp + 7 slots: {method} {0x000001abb50b3fa8} 'newInvokeSpecial' '(Ljava/lang/Object;)Ljava/lang/Object;' in 'java/lang/invoke/DirectMethodHandle$Holder'

MethodHandle::interpreter_entry::_linkToSpecial [0x000001aba4052b8c, 0x000001aba4052bdb] (79 bytes)
[MachCode]
  0x000001aba4052b8c: 6666 660f | 1f84 0000 | 0000 0066 | 6666 900f | 1f44 0000 | 488b 5308 | 0fb7 522e | 488b 0cd4 
  0x000001aba4052bac: 585b 5048 | 3b01 8b5b | 2448 c1e3 | 0348 8b5b | 1048 85db | 0f84 1000 | 0000 4180 | bfe0 0500 
  0x000001aba4052bcc: 0000 7403 | ff63 38ff | 6350 e9a5 | 
[/MachCode]

---------------  P R O C E S S  ---------------

Threads class SMR info:
_java_thread_list=0x000001abfa1c61a0, length=15, elements={
0x000001ab9921c1c0, 0x000001abb3a1d1e0, 0x000001abb3a1fd50, 0x000001abb3a24de0,
0x000001abb3a25840, 0x000001abb3a262a0, 0x000001abb3a27110, 0x000001abb3a29eb0,
0x000001abb3a2b960, 0x000001abb49a29d0, 0x000001abb4a291e0, 0x000001abb49fb3e0,
0x000001abb4b6fa60, 0x000001abb4bebc20, 0x000001abfa0dc8f0
}

Java Threads: ( => current thread )
=>0x000001ab9921c1c0 JavaThread "main"                              [_thread_in_Java, id=18456, stack(0x0000009b84600000,0x0000009b84700000) (1024K)]
  0x000001abb3a1d1e0 JavaThread "Reference Handler"          daemon [_thread_blocked, id=4788, stack(0x0000009b84e00000,0x0000009b84f00000) (1024K)]
  0x000001abb3a1fd50 JavaThread "Finalizer"                  daemon [_thread_blocked, id=12148, stack(0x0000009b84f00000,0x0000009b85000000) (1024K)]
  0x000001abb3a24de0 JavaThread "Signal Dispatcher"          daemon [_thread_blocked, id=30936, stack(0x0000009b85000000,0x0000009b85100000) (1024K)]
  0x000001abb3a25840 JavaThread "Attach Listener"            daemon [_thread_blocked, id=8016, stack(0x0000009b85100000,0x0000009b85200000) (1024K)]
  0x000001abb3a262a0 JavaThread "Service Thread"             daemon [_thread_blocked, id=23928, stack(0x0000009b85200000,0x0000009b85300000) (1024K)]
  0x000001abb3a27110 JavaThread "Monitor Deflation Thread"   daemon [_thread_blocked, id=24720, stack(0x0000009b85300000,0x0000009b85400000) (1024K)]
  0x000001abb3a29eb0 JavaThread "C2 CompilerThread0"         daemon [_thread_blocked, id=23740, stack(0x0000009b85400000,0x0000009b85500000) (1024K)]
  0x000001abb3a2b960 JavaThread "C1 CompilerThread0"         daemon [_thread_blocked, id=23848, stack(0x0000009b85500000,0x0000009b85600000) (1024K)]
  0x000001abb49a29d0 JavaThread "JDWP Transport Listener: dt_socket" daemon [_thread_blocked, id=30596, stack(0x0000009b85700000,0x0000009b85800000) (1024K)]
  0x000001abb4a291e0 JavaThread "JDWP Event Helper Thread"   daemon [_thread_blocked, id=8940, stack(0x0000009b85800000,0x0000009b85900000) (1024K)]
  0x000001abb49fb3e0 JavaThread "JDWP Command Reader"        daemon [_thread_in_native, id=12564, stack(0x0000009b85900000,0x0000009b85a00000) (1024K)]
  0x000001abb4b6fa60 JavaThread "Common-Cleaner"             daemon [_thread_blocked, id=31244, stack(0x0000009b85a00000,0x0000009b85b00000) (1024K)]
  0x000001abb4bebc20 JavaThread "Notification Thread"        daemon [_thread_blocked, id=25852, stack(0x0000009b85b00000,0x0000009b85c00000) (1024K)]
  0x000001abfa0dc8f0 JavaThread "ReaderThread"                      [_thread_in_native, id=22584, stack(0x0000009b85d00000,0x0000009b85e00000) (1024K)]
Total: 15

Other Threads:
  0x000001abb3a04120 VMThread "VM Thread"                           [id=31920, stack(0x0000009b84d00000,0x0000009b84e00000) (1024K)]
  0x000001abb39ec7e0 WatcherThread "VM Periodic Task Thread"        [id=20716, stack(0x0000009b84c00000,0x0000009b84d00000) (1024K)]
  0x000001ab99285660 WorkerThread "GC Thread#0"                     [id=11384, stack(0x0000009b84700000,0x0000009b84800000) (1024K)]
  0x000001abfa4350d0 WorkerThread "GC Thread#1"                     [id=3764, stack(0x0000009b86100000,0x0000009b86200000) (1024K)]
  0x000001abfa90daf0 WorkerThread "GC Thread#2"                     [id=1440, stack(0x0000009b86200000,0x0000009b86300000) (1024K)]
  0x000001abfa90dea0 WorkerThread "GC Thread#3"                     [id=11688, stack(0x0000009b86300000,0x0000009b86400000) (1024K)]
  0x000001abfa90e250 WorkerThread "GC Thread#4"                     [id=7040, stack(0x0000009b86400000,0x0000009b86500000) (1024K)]
  0x000001abfa90e600 WorkerThread "GC Thread#5"                     [id=8484, stack(0x0000009b86500000,0x0000009b86600000) (1024K)]
  0x000001abfaa2db10 WorkerThread "GC Thread#6"                     [id=32868, stack(0x0000009b86600000,0x0000009b86700000) (1024K)]
  0x000001abfaa2dec0 WorkerThread "GC Thread#7"                     [id=14448, stack(0x0000009b86700000,0x0000009b86800000) (1024K)]
  0x000001ab992960a0 ConcurrentGCThread "G1 Main Marker"            [id=28884, stack(0x0000009b84800000,0x0000009b84900000) (1024K)]
  0x000001ab992980e0 WorkerThread "G1 Conc#0"                       [id=17580, stack(0x0000009b84900000,0x0000009b84a00000) (1024K)]
  0x000001abb38bd030 ConcurrentGCThread "G1 Refine#0"               [id=33512, stack(0x0000009b84a00000,0x0000009b84b00000) (1024K)]
  0x000001abb38be870 ConcurrentGCThread "G1 Service"                [id=9656, stack(0x0000009b84b00000,0x0000009b84c00000) (1024K)]
Total: 14

Threads with active compile tasks:
Total: 0

VM state: not at safepoint (normal execution)

VM Mutex/Monitor currently owned by a thread: None

Heap address: 0x0000000704c00000, size: 4020 MB, Compressed Oops mode: Zero based, Oop shift amount: 3

CDS archive(s) mapped at: [0x000001abb5000000-0x000001abb5c80000-0x000001abb5c80000), size 13107200, SharedBaseAddress: 0x000001abb5000000, ArchiveRelocationMode: 1.
Compressed class space mapped at: 0x000001abb6000000-0x000001abf6000000, reserved size: 1073741824
Narrow klass base: 0x000001abb5000000, Narrow klass shift: 0, Narrow klass range: 0x100000000

GC Precious Log:
 CardTable entry size: 512
 Card Set container configuration: InlinePtr #cards 4 size 8 Array Of Cards #cards 16 size 48 Howl #buckets 8 coarsen threshold 3686 Howl Bitmap #cards 512 size 80 coarsen threshold 460 Card regions per heap region 1 cards per card region 4096
 CPUs: 20 total, 20 available
 Memory: 16077M
 Large Page Support: Disabled
 NUMA Support: Disabled
 Compressed Oops: Enabled (Zero based)
 Heap Region Size: 2M
 Heap Min Capacity: 8M
 Heap Initial Capacity: 252M
 Heap Max Capacity: 4020M
 Pre-touch: Disabled
 Parallel Workers: 15
 Concurrent Workers: 4
 Concurrent Refinement Workers: 15
 Periodic GC: Disabled

Heap:
 garbage-first heap   total 258048K, used 35536K [0x0000000704c00000, 0x0000000800000000)
  region size 2048K, 19 young (38912K), 2 survivors (4096K)
 Metaspace       used 10038K, committed 10368K, reserved 1114112K
  class space    used 1251K, committed 1408K, reserved 1048576K

Heap Regions: E=young(eden), S=young(survivor), O=old, HS=humongous(starts), HC=humongous(continues), CS=collection set, F=free, TAMS=top-at-mark-start, PB=parsable bottom
|   0|0x0000000704c00000, 0x0000000704c00000, 0x0000000704e00000|  0%| F|  |TAMS 0x0000000704c00000| PB 0x0000000704c00000| Untracked 
|   1|0x0000000704e00000, 0x0000000704e00000, 0x0000000705000000|  0%| F|  |TAMS 0x0000000704e00000| PB 0x0000000704e00000| Untracked 
|   2|0x0000000705000000, 0x0000000705000000, 0x0000000705200000|  0%| F|  |TAMS 0x0000000705000000| PB 0x0000000705000000| Untracked 
|   3|0x0000000705200000, 0x0000000705200000, 0x0000000705400000|  0%| F|  |TAMS 0x0000000705200000| PB 0x0000000705200000| Untracked 
|   4|0x0000000705400000, 0x0000000705400000, 0x0000000705600000|  0%| F|  |TAMS 0x0000000705400000| PB 0x0000000705400000| Untracked 
|   5|0x0000000705600000, 0x0000000705600000, 0x0000000705800000|  0%| F|  |TAMS 0x0000000705600000| PB 0x0000000705600000| Untracked 
|   6|0x0000000705800000, 0x0000000705800000, 0x0000000705a00000|  0%| F|  |TAMS 0x0000000705800000| PB 0x0000000705800000| Untracked 
|   7|0x0000000705a00000, 0x0000000705a00000, 0x0000000705c00000|  0%| F|  |TAMS 0x0000000705a00000| PB 0x0000000705a00000| Untracked 
|   8|0x0000000705c00000, 0x0000000705c00000, 0x0000000705e00000|  0%| F|  |TAMS 0x0000000705c00000| PB 0x0000000705c00000| Untracked 
|   9|0x0000000705e00000, 0x0000000705e00000, 0x0000000706000000|  0%| F|  |TAMS 0x0000000705e00000| PB 0x0000000705e00000| Untracked 
|  10|0x0000000706000000, 0x0000000706000000, 0x0000000706200000|  0%| F|  |TAMS 0x0000000706000000| PB 0x0000000706000000| Untracked 
|  11|0x0000000706200000, 0x0000000706200000, 0x0000000706400000|  0%| F|  |TAMS 0x0000000706200000| PB 0x0000000706200000| Untracked 
|  12|0x0000000706400000, 0x0000000706400000, 0x0000000706600000|  0%| F|  |TAMS 0x0000000706400000| PB 0x0000000706400000| Untracked 
|  13|0x0000000706600000, 0x0000000706600000, 0x0000000706800000|  0%| F|  |TAMS 0x0000000706600000| PB 0x0000000706600000| Untracked 
|  14|0x0000000706800000, 0x0000000706800000, 0x0000000706a00000|  0%| F|  |TAMS 0x0000000706800000| PB 0x0000000706800000| Untracked 
|  15|0x0000000706a00000, 0x0000000706a00000, 0x0000000706c00000|  0%| F|  |TAMS 0x0000000706a00000| PB 0x0000000706a00000| Untracked 
|  16|0x0000000706c00000, 0x0000000706c00000, 0x0000000706e00000|  0%| F|  |TAMS 0x0000000706c00000| PB 0x0000000706c00000| Untracked 
|  17|0x0000000706e00000, 0x0000000706e00000, 0x0000000707000000|  0%| F|  |TAMS 0x0000000706e00000| PB 0x0000000706e00000| Untracked 
|  18|0x0000000707000000, 0x0000000707000000, 0x0000000707200000|  0%| F|  |TAMS 0x0000000707000000| PB 0x0000000707000000| Untracked 
|  19|0x0000000707200000, 0x0000000707200000, 0x0000000707400000|  0%| F|  |TAMS 0x0000000707200000| PB 0x0000000707200000| Untracked 
|  20|0x0000000707400000, 0x0000000707400000, 0x0000000707600000|  0%| F|  |TAMS 0x0000000707400000| PB 0x0000000707400000| Untracked 
|  21|0x0000000707600000, 0x0000000707600000, 0x0000000707800000|  0%| F|  |TAMS 0x0000000707600000| PB 0x0000000707600000| Untracked 
|  22|0x0000000707800000, 0x0000000707800000, 0x0000000707a00000|  0%| F|  |TAMS 0x0000000707800000| PB 0x0000000707800000| Untracked 
|  23|0x0000000707a00000, 0x0000000707a00000, 0x0000000707c00000|  0%| F|  |TAMS 0x0000000707a00000| PB 0x0000000707a00000| Untracked 
|  24|0x0000000707c00000, 0x0000000707c00000, 0x0000000707e00000|  0%| F|  |TAMS 0x0000000707c00000| PB 0x0000000707c00000| Untracked 
|  25|0x0000000707e00000, 0x0000000707e00000, 0x0000000708000000|  0%| F|  |TAMS 0x0000000707e00000| PB 0x0000000707e00000| Untracked 
|  26|0x0000000708000000, 0x0000000708000000, 0x0000000708200000|  0%| F|  |TAMS 0x0000000708000000| PB 0x0000000708000000| Untracked 
|  27|0x0000000708200000, 0x0000000708200000, 0x0000000708400000|  0%| F|  |TAMS 0x0000000708200000| PB 0x0000000708200000| Untracked 
|  28|0x0000000708400000, 0x0000000708400000, 0x0000000708600000|  0%| F|  |TAMS 0x0000000708400000| PB 0x0000000708400000| Untracked 
|  29|0x0000000708600000, 0x0000000708600000, 0x0000000708800000|  0%| F|  |TAMS 0x0000000708600000| PB 0x0000000708600000| Untracked 
|  30|0x0000000708800000, 0x0000000708800000, 0x0000000708a00000|  0%| F|  |TAMS 0x0000000708800000| PB 0x0000000708800000| Untracked 
|  31|0x0000000708a00000, 0x0000000708a00000, 0x0000000708c00000|  0%| F|  |TAMS 0x0000000708a00000| PB 0x0000000708a00000| Untracked 
|  32|0x0000000708c00000, 0x0000000708c00000, 0x0000000708e00000|  0%| F|  |TAMS 0x0000000708c00000| PB 0x0000000708c00000| Untracked 
|  33|0x0000000708e00000, 0x0000000708e00000, 0x0000000709000000|  0%| F|  |TAMS 0x0000000708e00000| PB 0x0000000708e00000| Untracked 
|  34|0x0000000709000000, 0x0000000709000000, 0x0000000709200000|  0%| F|  |TAMS 0x0000000709000000| PB 0x0000000709000000| Untracked 
|  35|0x0000000709200000, 0x0000000709200000, 0x0000000709400000|  0%| F|  |TAMS 0x0000000709200000| PB 0x0000000709200000| Untracked 
|  36|0x0000000709400000, 0x0000000709400000, 0x0000000709600000|  0%| F|  |TAMS 0x0000000709400000| PB 0x0000000709400000| Untracked 
|  37|0x0000000709600000, 0x0000000709600000, 0x0000000709800000|  0%| F|  |TAMS 0x0000000709600000| PB 0x0000000709600000| Untracked 
|  38|0x0000000709800000, 0x0000000709800000, 0x0000000709a00000|  0%| F|  |TAMS 0x0000000709800000| PB 0x0000000709800000| Untracked 
|  39|0x0000000709a00000, 0x0000000709a00000, 0x0000000709c00000|  0%| F|  |TAMS 0x0000000709a00000| PB 0x0000000709a00000| Untracked 
|  40|0x0000000709c00000, 0x0000000709c00000, 0x0000000709e00000|  0%| F|  |TAMS 0x0000000709c00000| PB 0x0000000709c00000| Untracked 
|  41|0x0000000709e00000, 0x0000000709e00000, 0x000000070a000000|  0%| F|  |TAMS 0x0000000709e00000| PB 0x0000000709e00000| Untracked 
|  42|0x000000070a000000, 0x000000070a000000, 0x000000070a200000|  0%| F|  |TAMS 0x000000070a000000| PB 0x000000070a000000| Untracked 
|  43|0x000000070a200000, 0x000000070a200000, 0x000000070a400000|  0%| F|  |TAMS 0x000000070a200000| PB 0x000000070a200000| Untracked 
|  44|0x000000070a400000, 0x000000070a400000, 0x000000070a600000|  0%| F|  |TAMS 0x000000070a400000| PB 0x000000070a400000| Untracked 
|  45|0x000000070a600000, 0x000000070a600000, 0x000000070a800000|  0%| F|  |TAMS 0x000000070a600000| PB 0x000000070a600000| Untracked 
|  46|0x000000070a800000, 0x000000070a800000, 0x000000070aa00000|  0%| F|  |TAMS 0x000000070a800000| PB 0x000000070a800000| Untracked 
|  47|0x000000070aa00000, 0x000000070aa00000, 0x000000070ac00000|  0%| F|  |TAMS 0x000000070aa00000| PB 0x000000070aa00000| Untracked 
|  48|0x000000070ac00000, 0x000000070ac00000, 0x000000070ae00000|  0%| F|  |TAMS 0x000000070ac00000| PB 0x000000070ac00000| Untracked 
|  49|0x000000070ae00000, 0x000000070ae00000, 0x000000070b000000|  0%| F|  |TAMS 0x000000070ae00000| PB 0x000000070ae00000| Untracked 
|  50|0x000000070b000000, 0x000000070b000000, 0x000000070b200000|  0%| F|  |TAMS 0x000000070b000000| PB 0x000000070b000000| Untracked 
|  51|0x000000070b200000, 0x000000070b200000, 0x000000070b400000|  0%| F|  |TAMS 0x000000070b200000| PB 0x000000070b200000| Untracked 
|  52|0x000000070b400000, 0x000000070b400000, 0x000000070b600000|  0%| F|  |TAMS 0x000000070b400000| PB 0x000000070b400000| Untracked 
|  53|0x000000070b600000, 0x000000070b600000, 0x000000070b800000|  0%| F|  |TAMS 0x000000070b600000| PB 0x000000070b600000| Untracked 
|  54|0x000000070b800000, 0x000000070b800000, 0x000000070ba00000|  0%| F|  |TAMS 0x000000070b800000| PB 0x000000070b800000| Untracked 
|  55|0x000000070ba00000, 0x000000070ba00000, 0x000000070bc00000|  0%| F|  |TAMS 0x000000070ba00000| PB 0x000000070ba00000| Untracked 
|  56|0x000000070bc00000, 0x000000070bc00000, 0x000000070be00000|  0%| F|  |TAMS 0x000000070bc00000| PB 0x000000070bc00000| Untracked 
|  57|0x000000070be00000, 0x000000070be00000, 0x000000070c000000|  0%| F|  |TAMS 0x000000070be00000| PB 0x000000070be00000| Untracked 
|  58|0x000000070c000000, 0x000000070c000000, 0x000000070c200000|  0%| F|  |TAMS 0x000000070c000000| PB 0x000000070c000000| Untracked 
|  59|0x000000070c200000, 0x000000070c200000, 0x000000070c400000|  0%| F|  |TAMS 0x000000070c200000| PB 0x000000070c200000| Untracked 
|  60|0x000000070c400000, 0x000000070c400000, 0x000000070c600000|  0%| F|  |TAMS 0x000000070c400000| PB 0x000000070c400000| Untracked 
|  61|0x000000070c600000, 0x000000070c600000, 0x000000070c800000|  0%| F|  |TAMS 0x000000070c600000| PB 0x000000070c600000| Untracked 
|  62|0x000000070c800000, 0x000000070c800000, 0x000000070ca00000|  0%| F|  |TAMS 0x000000070c800000| PB 0x000000070c800000| Untracked 
|  63|0x000000070ca00000, 0x000000070ca00000, 0x000000070cc00000|  0%| F|  |TAMS 0x000000070ca00000| PB 0x000000070ca00000| Untracked 
|  64|0x000000070cc00000, 0x000000070cc00000, 0x000000070ce00000|  0%| F|  |TAMS 0x000000070cc00000| PB 0x000000070cc00000| Untracked 
|  65|0x000000070ce00000, 0x000000070ce00000, 0x000000070d000000|  0%| F|  |TAMS 0x000000070ce00000| PB 0x000000070ce00000| Untracked 
|  66|0x000000070d000000, 0x000000070d000000, 0x000000070d200000|  0%| F|  |TAMS 0x000000070d000000| PB 0x000000070d000000| Untracked 
|  67|0x000000070d200000, 0x000000070d200000, 0x000000070d400000|  0%| F|  |TAMS 0x000000070d200000| PB 0x000000070d200000| Untracked 
|  68|0x000000070d400000, 0x000000070d400000, 0x000000070d600000|  0%| F|  |TAMS 0x000000070d400000| PB 0x000000070d400000| Untracked 
|  69|0x000000070d600000, 0x000000070d600000, 0x000000070d800000|  0%| F|  |TAMS 0x000000070d600000| PB 0x000000070d600000| Untracked 
|  70|0x000000070d800000, 0x000000070d800000, 0x000000070da00000|  0%| F|  |TAMS 0x000000070d800000| PB 0x000000070d800000| Untracked 
|  71|0x000000070da00000, 0x000000070da00000, 0x000000070dc00000|  0%| F|  |TAMS 0x000000070da00000| PB 0x000000070da00000| Untracked 
|  72|0x000000070dc00000, 0x000000070dc00000, 0x000000070de00000|  0%| F|  |TAMS 0x000000070dc00000| PB 0x000000070dc00000| Untracked 
|  73|0x000000070de00000, 0x000000070de00000, 0x000000070e000000|  0%| F|  |TAMS 0x000000070de00000| PB 0x000000070de00000| Untracked 
|  74|0x000000070e000000, 0x000000070e000000, 0x000000070e200000|  0%| F|  |TAMS 0x000000070e000000| PB 0x000000070e000000| Untracked 
|  75|0x000000070e200000, 0x000000070e200000, 0x000000070e400000|  0%| F|  |TAMS 0x000000070e200000| PB 0x000000070e200000| Untracked 
|  76|0x000000070e400000, 0x000000070e400000, 0x000000070e600000|  0%| F|  |TAMS 0x000000070e400000| PB 0x000000070e400000| Untracked 
|  77|0x000000070e600000, 0x000000070e600000, 0x000000070e800000|  0%| F|  |TAMS 0x000000070e600000| PB 0x000000070e600000| Untracked 
|  78|0x000000070e800000, 0x000000070e800000, 0x000000070ea00000|  0%| F|  |TAMS 0x000000070e800000| PB 0x000000070e800000| Untracked 
|  79|0x000000070ea00000, 0x000000070ea00000, 0x000000070ec00000|  0%| F|  |TAMS 0x000000070ea00000| PB 0x000000070ea00000| Untracked 
|  80|0x000000070ec00000, 0x000000070ec00000, 0x000000070ee00000|  0%| F|  |TAMS 0x000000070ec00000| PB 0x000000070ec00000| Untracked 
|  81|0x000000070ee00000, 0x000000070ee00000, 0x000000070f000000|  0%| F|  |TAMS 0x000000070ee00000| PB 0x000000070ee00000| Untracked 
|  82|0x000000070f000000, 0x000000070f000000, 0x000000070f200000|  0%| F|  |TAMS 0x000000070f000000| PB 0x000000070f000000| Untracked 
|  83|0x000000070f200000, 0x000000070f200000, 0x000000070f400000|  0%| F|  |TAMS 0x000000070f200000| PB 0x000000070f200000| Untracked 
|  84|0x000000070f400000, 0x000000070f400000, 0x000000070f600000|  0%| F|  |TAMS 0x000000070f400000| PB 0x000000070f400000| Untracked 
|  85|0x000000070f600000, 0x000000070f600000, 0x000000070f800000|  0%| F|  |TAMS 0x000000070f600000| PB 0x000000070f600000| Untracked 
|  86|0x000000070f800000, 0x000000070f800000, 0x000000070fa00000|  0%| F|  |TAMS 0x000000070f800000| PB 0x000000070f800000| Untracked 
|  87|0x000000070fa00000, 0x000000070fa00000, 0x000000070fc00000|  0%| F|  |TAMS 0x000000070fa00000| PB 0x000000070fa00000| Untracked 
|  88|0x000000070fc00000, 0x000000070fc00000, 0x000000070fe00000|  0%| F|  |TAMS 0x000000070fc00000| PB 0x000000070fc00000| Untracked 
|  89|0x000000070fe00000, 0x000000070fe00000, 0x0000000710000000|  0%| F|  |TAMS 0x000000070fe00000| PB 0x000000070fe00000| Untracked 
|  90|0x0000000710000000, 0x0000000710000000, 0x0000000710200000|  0%| F|  |TAMS 0x0000000710000000| PB 0x0000000710000000| Untracked 
|  91|0x0000000710200000, 0x0000000710200000, 0x0000000710400000|  0%| F|  |TAMS 0x0000000710200000| PB 0x0000000710200000| Untracked 
|  92|0x0000000710400000, 0x0000000710400000, 0x0000000710600000|  0%| F|  |TAMS 0x0000000710400000| PB 0x0000000710400000| Untracked 
|  93|0x0000000710600000, 0x0000000710600000, 0x0000000710800000|  0%| F|  |TAMS 0x0000000710600000| PB 0x0000000710600000| Untracked 
|  94|0x0000000710800000, 0x0000000710800000, 0x0000000710a00000|  0%| F|  |TAMS 0x0000000710800000| PB 0x0000000710800000| Untracked 
|  95|0x0000000710a00000, 0x0000000710a00000, 0x0000000710c00000|  0%| F|  |TAMS 0x0000000710a00000| PB 0x0000000710a00000| Untracked 
|  96|0x0000000710c00000, 0x0000000710c00000, 0x0000000710e00000|  0%| F|  |TAMS 0x0000000710c00000| PB 0x0000000710c00000| Untracked 
|  97|0x0000000710e00000, 0x0000000710e00000, 0x0000000711000000|  0%| F|  |TAMS 0x0000000710e00000| PB 0x0000000710e00000| Untracked 
|  98|0x0000000711000000, 0x0000000711000000, 0x0000000711200000|  0%| F|  |TAMS 0x0000000711000000| PB 0x0000000711000000| Untracked 
|  99|0x0000000711200000, 0x0000000711200000, 0x0000000711400000|  0%| F|  |TAMS 0x0000000711200000| PB 0x0000000711200000| Untracked 
| 100|0x0000000711400000, 0x0000000711400000, 0x0000000711600000|  0%| F|  |TAMS 0x0000000711400000| PB 0x0000000711400000| Untracked 
| 101|0x0000000711600000, 0x0000000711600000, 0x0000000711800000|  0%| F|  |TAMS 0x0000000711600000| PB 0x0000000711600000| Untracked 
| 102|0x0000000711800000, 0x0000000711800000, 0x0000000711a00000|  0%| F|  |TAMS 0x0000000711800000| PB 0x0000000711800000| Untracked 
| 103|0x0000000711a00000, 0x0000000711a00000, 0x0000000711c00000|  0%| F|  |TAMS 0x0000000711a00000| PB 0x0000000711a00000| Untracked 
| 104|0x0000000711c00000, 0x0000000711c00000, 0x0000000711e00000|  0%| F|  |TAMS 0x0000000711c00000| PB 0x0000000711c00000| Untracked 
| 105|0x0000000711e00000, 0x0000000711e00000, 0x0000000712000000|  0%| F|  |TAMS 0x0000000711e00000| PB 0x0000000711e00000| Untracked 
| 106|0x0000000712000000, 0x0000000712000000, 0x0000000712200000|  0%| F|  |TAMS 0x0000000712000000| PB 0x0000000712000000| Untracked 
| 107|0x0000000712200000, 0x0000000712400000, 0x0000000712400000|100%| E|  |TAMS 0x0000000712200000| PB 0x0000000712200000| Complete 
| 108|0x0000000712400000, 0x0000000712600000, 0x0000000712600000|100%| E|CS|TAMS 0x0000000712400000| PB 0x0000000712400000| Complete 
| 109|0x0000000712600000, 0x0000000712800000, 0x0000000712800000|100%| E|CS|TAMS 0x0000000712600000| PB 0x0000000712600000| Complete 
| 110|0x0000000712800000, 0x0000000712a00000, 0x0000000712a00000|100%| E|CS|TAMS 0x0000000712800000| PB 0x0000000712800000| Complete 
| 111|0x0000000712a00000, 0x0000000712c00000, 0x0000000712c00000|100%| E|CS|TAMS 0x0000000712a00000| PB 0x0000000712a00000| Complete 
| 112|0x0000000712c00000, 0x0000000712e00000, 0x0000000712e00000|100%| E|CS|TAMS 0x0000000712c00000| PB 0x0000000712c00000| Complete 
| 113|0x0000000712e00000, 0x0000000712eb4000, 0x0000000713000000| 35%| S|CS|TAMS 0x0000000712e00000| PB 0x0000000712e00000| Complete 
| 114|0x0000000713000000, 0x0000000713200000, 0x0000000713200000|100%| S|CS|TAMS 0x0000000713000000| PB 0x0000000713000000| Complete 
| 115|0x0000000713200000, 0x0000000713400000, 0x0000000713400000|100%| E|CS|TAMS 0x0000000713200000| PB 0x0000000713200000| Complete 
| 116|0x0000000713400000, 0x0000000713600000, 0x0000000713600000|100%| E|CS|TAMS 0x0000000713400000| PB 0x0000000713400000| Complete 
| 117|0x0000000713600000, 0x0000000713800000, 0x0000000713800000|100%| E|CS|TAMS 0x0000000713600000| PB 0x0000000713600000| Complete 
| 118|0x0000000713800000, 0x0000000713a00000, 0x0000000713a00000|100%| E|CS|TAMS 0x0000000713800000| PB 0x0000000713800000| Complete 
| 119|0x0000000713a00000, 0x0000000713c00000, 0x0000000713c00000|100%| E|CS|TAMS 0x0000000713a00000| PB 0x0000000713a00000| Complete 
| 120|0x0000000713c00000, 0x0000000713e00000, 0x0000000713e00000|100%| E|CS|TAMS 0x0000000713c00000| PB 0x0000000713c00000| Complete 
| 121|0x0000000713e00000, 0x0000000714000000, 0x0000000714000000|100%| E|CS|TAMS 0x0000000713e00000| PB 0x0000000713e00000| Complete 
| 122|0x0000000714000000, 0x0000000714200000, 0x0000000714200000|100%| E|CS|TAMS 0x0000000714000000| PB 0x0000000714000000| Complete 
| 123|0x0000000714200000, 0x0000000714400000, 0x0000000714400000|100%| E|CS|TAMS 0x0000000714200000| PB 0x0000000714200000| Complete 
| 124|0x0000000714400000, 0x0000000714600000, 0x0000000714600000|100%| E|CS|TAMS 0x0000000714400000| PB 0x0000000714400000| Complete 
| 125|0x0000000714600000, 0x0000000714800000, 0x0000000714800000|100%| E|CS|TAMS 0x0000000714600000| PB 0x0000000714600000| Complete 

Card table byte_map: [0x000001abace60000,0x000001abad640000] _byte_map_base: 0x000001aba963a000

Marking Bits: (CMBitMap*) 0x000001ab99285c80
 Bits: [0x000001abad640000, 0x000001abb1510000)

Polling page: 0x000001ab96d10000

Metaspace:

Usage:
  Non-class:      8.58 MB used.
      Class:      1.22 MB used.
       Both:      9.80 MB used.

Virtual space:
  Non-class space:       64.00 MB reserved,       8.75 MB ( 14%) committed,  1 nodes.
      Class space:        1.00 GB reserved,       1.38 MB ( <1%) committed,  1 nodes.
             Both:        1.06 GB reserved,      10.12 MB ( <1%) committed. 

Chunk freelists:
   Non-Class:  6.95 MB
       Class:  14.59 MB
        Both:  21.55 MB

MaxMetaspaceSize: unlimited
CompressedClassSpaceSize: 1.00 GB
Initial GC threshold: 21.00 MB
Current GC threshold: 21.00 MB
CDS: on
 - commit_granule_bytes: 65536.
 - commit_granule_words: 8192.
 - virtual_space_node_default_size: 8388608.
 - enlarge_chunks_in_place: 1.
 - use_allocation_guard: 0.


Internal statistics:

num_allocs_failed_limit: 0.
num_arena_births: 328.
num_arena_deaths: 0.
num_vsnodes_births: 2.
num_vsnodes_deaths: 0.
num_space_committed: 162.
num_space_uncommitted: 0.
num_chunks_returned_to_freelist: 0.
num_chunks_taken_from_freelist: 629.
num_chunk_merges: 0.
num_chunk_splits: 358.
num_chunks_enlarged: 194.
num_inconsistent_stats: 0.

CodeHeap 'non-profiled nmethods': size=119168Kb used=1022Kb max_used=1022Kb free=118145Kb
 bounds [0x000001aba4770000, 0x000001aba49e0000, 0x000001ababbd0000]
CodeHeap 'profiled nmethods': size=119104Kb used=4292Kb max_used=4292Kb free=114811Kb
 bounds [0x000001ab9cbd0000, 0x000001ab9d010000, 0x000001aba4020000]
CodeHeap 'non-nmethods': size=7488Kb used=1389Kb max_used=3159Kb free=6098Kb
 bounds [0x000001aba4020000, 0x000001aba4340000, 0x000001aba4770000]
CodeCache: size=245760Kb, used=6703Kb, max_used=8473Kb, free=239054Kb
 total_blobs=2588, nmethods=2100, adapters=392, full_count=0
Compilation: enabled, stopped_count=0, restarted_count=0

Compilation events (20 events):
Event: 1.502 Thread 0x000001abfa928b40 nmethod 2088 0x000001aba482bf90 code [0x000001aba482c120, 0x000001aba482c2b8]
Event: 1.503 Thread 0x000001abb48d6d10 2091       3       java.lang.Class::getAnnotations (11 bytes)
Event: 1.504 Thread 0x000001abb48d6d10 nmethod 2091 0x000001ab9cfff890 code [0x000001ab9cfffa80, 0x000001ab9cfffee0]
Event: 1.506 Thread 0x000001abfa4346b0 2092       3       java.util.zip.CRC32::update (38 bytes)
Event: 1.506 Thread 0x000001abfa4346b0 nmethod 2092 0x000001ab9d000090 code [0x000001ab9d0002a0, 0x000001ab9d0006e0]
Event: 1.511 Thread 0x000001abfa929a10 2094       4       org.eclipse.jdt.launching.internal.org.objectweb.asm.ClassReader::readUtf (161 bytes)
Event: 1.511 Thread 0x000001abfa434000 2095       1       java.util.concurrent.CopyOnWriteArrayList::setArray (6 bytes)
Event: 1.511 Thread 0x000001abfa434000 nmethod 2095 0x000001aba482c710 code [0x000001aba482c8a0, 0x000001aba482c9c0]
Event: 1.522 Thread 0x000001abfa929a10 nmethod 2094 0x000001aba482ca10 code [0x000001aba482cc00, 0x000001aba482d9c8]
Event: 1.592 Thread 0x000001abfa8f5fd0 nmethod 1878% 0x000001aba482e010 code [0x000001aba482e980, 0x000001aba483f008]
Event: 1.673 Thread 0x000001abfa928490 nmethod 1931 0x000001aba4846b10 code [0x000001aba4847640, 0x000001aba4854498]
Event: 1.707 Thread 0x000001abb3a29eb0 nmethod 1946 0x000001aba485a310 code [0x000001aba485ae40, 0x000001aba48687d0]
Event: 420.745 Thread 0x000001abb3a2b960 2096       1       java.util.concurrent.locks.AbstractQueuedSynchronizer::getState (5 bytes)
Event: 420.745 Thread 0x000001abb3a2b960 nmethod 2096 0x000001aba486ed90 code [0x000001aba486ef20, 0x000001aba486efe8]
Event: 480.747 Thread 0x000001abb3a2b960 2097       1       java.util.concurrent.locks.AbstractOwnableSynchronizer::getExclusiveOwnerThread (5 bytes)
Event: 480.747 Thread 0x000001abb3a2b960 nmethod 2097 0x000001aba486f090 code [0x000001aba486f220, 0x000001aba486f2f0]
Event: 900.793 Thread 0x000001abb3a2b960 2098       1       java.util.concurrent.locks.AbstractQueuedSynchronizer::setState (6 bytes)
Event: 900.794 Thread 0x000001abb3a2b960 nmethod 2098 0x000001aba486f390 code [0x000001aba486f520, 0x000001aba486f5f0]
Event: 1560.895 Thread 0x000001abb3a2b960 2100       3       java.lang.ref.ReferenceQueue::poll0 (65 bytes)
Event: 1560.896 Thread 0x000001abb3a2b960 nmethod 2100 0x000001ab9d000910 code [0x000001ab9d000ae0, 0x000001ab9d001000]

GC Heap History (2 events):
Event: 1.031 GC heap before
{Heap before GC invocations=0 (full 0):
 garbage-first heap   total 258048K, used 20480K [0x0000000704c00000, 0x0000000800000000)
  region size 2048K, 11 young (22528K), 0 survivors (0K)
 Metaspace       used 5770K, committed 5952K, reserved 1114112K
  class space    used 560K, committed 640K, reserved 1048576K
}
Event: 1.035 GC heap after
{Heap after GC invocations=1 (full 0):
 garbage-first heap   total 258048K, used 2768K [0x0000000704c00000, 0x0000000800000000)
  region size 2048K, 2 young (4096K), 2 survivors (4096K)
 Metaspace       used 5770K, committed 5952K, reserved 1114112K
  class space    used 560K, committed 640K, reserved 1048576K
}

Dll operation events (9 events):
Event: 0.293 Loaded shared library C:\Users\User1\.p2\pool\plugins\org.eclipse.justj.openjdk.hotspot.jre.full.win32.x86_64_21.0.11.v20260515-1531\jre\bin\java.dll
Event: 0.325 Loaded shared library C:\Users\User1\.p2\pool\plugins\org.eclipse.justj.openjdk.hotspot.jre.full.win32.x86_64_21.0.11.v20260515-1531\jre\bin\zip.dll
Event: 0.678 Loaded shared library C:\Users\User1\.p2\pool\plugins\org.eclipse.justj.openjdk.hotspot.jre.full.win32.x86_64_21.0.11.v20260515-1531\jre\bin\instrument.dll
Event: 0.683 Loaded shared library C:\Users\User1\.p2\pool\plugins\org.eclipse.justj.openjdk.hotspot.jre.full.win32.x86_64_21.0.11.v20260515-1531\jre\bin\net.dll
Event: 0.684 Loaded shared library C:\Users\User1\.p2\pool\plugins\org.eclipse.justj.openjdk.hotspot.jre.full.win32.x86_64_21.0.11.v20260515-1531\jre\bin\nio.dll
Event: 0.687 Loaded shared library C:\Users\User1\.p2\pool\plugins\org.eclipse.justj.openjdk.hotspot.jre.full.win32.x86_64_21.0.11.v20260515-1531\jre\bin\zip.dll
Event: 0.753 Loaded shared library C:\Users\User1\.p2\pool\plugins\org.eclipse.justj.openjdk.hotspot.jre.full.win32.x86_64_21.0.11.v20260515-1531\jre\bin\jimage.dll
Event: 0.794 Loaded shared library C:\Users\User1\.p2\pool\plugins\org.eclipse.justj.openjdk.hotspot.jre.full.win32.x86_64_21.0.11.v20260515-1531\jre\bin\verify.dll
Event: 0.877 Loaded shared library C:\Users\User1\.p2\pool\plugins\org.eclipse.justj.openjdk.hotspot.jre.full.win32.x86_64_21.0.11.v20260515-1531\jre\bin\extnet.dll

Deoptimization events (20 events):
Event: 1.432 Thread 0x000001ab9921c1c0 DEOPT PACKING pc=0x000001aba47e5e88 sp=0x0000009b846fd060
Event: 1.432 Thread 0x000001ab9921c1c0 DEOPT UNPACKING pc=0x000001aba4074422 sp=0x0000009b846fcfc0 mode 2
Event: 1.444 Thread 0x000001ab9921c1c0 Uncommon trap: trap_request=0xffffff45 fr.pc=0x000001aba481c578 relative=0x00000000000002f8
Event: 1.444 Thread 0x000001ab9921c1c0 Uncommon trap: reason=unstable_if action=reinterpret pc=0x000001aba481c578 method=sun.reflect.generics.parser.SignatureParser.skipIdentifier()V @ 44 c2
Event: 1.444 Thread 0x000001ab9921c1c0 DEOPT PACKING pc=0x000001aba481c578 sp=0x0000009b846fc070
Event: 1.444 Thread 0x000001ab9921c1c0 DEOPT UNPACKING pc=0x000001aba4074422 sp=0x0000009b846fc018 mode 2
Event: 1.444 Thread 0x000001ab9921c1c0 Uncommon trap: trap_request=0xffffff45 fr.pc=0x000001aba47c88e0 relative=0x0000000000000120
Event: 1.444 Thread 0x000001ab9921c1c0 Uncommon trap: reason=unstable_if action=reinterpret pc=0x000001aba47c88e0 method=sun.reflect.generics.parser.SignatureParser.current()C @ 39 c2
Event: 1.444 Thread 0x000001ab9921c1c0 DEOPT PACKING pc=0x000001aba47c88e0 sp=0x0000009b846fc2d0
Event: 1.445 Thread 0x000001ab9921c1c0 DEOPT UNPACKING pc=0x000001aba4074422 sp=0x0000009b846fc278 mode 2
Event: 1.497 Thread 0x000001ab9921c1c0 Uncommon trap: trap_request=0xffffff45 fr.pc=0x000001aba47a1704 relative=0x0000000000000804
Event: 1.497 Thread 0x000001ab9921c1c0 Uncommon trap: reason=unstable_if action=reinterpret pc=0x000001aba47a1704 method=org.eclipse.jdt.launching.internal.org.objectweb.asm.ClassReader.readUtf(II[C)Ljava/lang/String; @ 41 c2
Event: 1.497 Thread 0x000001ab9921c1c0 DEOPT PACKING pc=0x000001aba47a1704 sp=0x0000009b846f9960
Event: 1.497 Thread 0x000001ab9921c1c0 DEOPT UNPACKING pc=0x000001aba4074422 sp=0x0000009b846f9958 mode 2
Event: 1.497 Thread 0x000001ab9921c1c0 Uncommon trap: trap_request=0xffffff45 fr.pc=0x000001aba479fd38 relative=0x00000000000003f8
Event: 1.497 Thread 0x000001ab9921c1c0 Uncommon trap: reason=unstable_if action=reinterpret pc=0x000001aba479fd38 method=jdk.internal.util.ArraysSupport.vectorizedHashCode(Ljava/lang/Object;IIII)I @ 2 c2
Event: 1.497 Thread 0x000001ab9921c1c0 DEOPT PACKING pc=0x000001aba479fd38 sp=0x0000009b846f9940
Event: 1.497 Thread 0x000001ab9921c1c0 DEOPT UNPACKING pc=0x000001aba4074422 sp=0x0000009b846f9910 mode 2
Event: 15558.239 Thread 0x000001ab9921c1c0 DEOPT PACKING pc=0x000001ab9cf8df9c sp=0x0000009b846fb580
Event: 15558.239 Thread 0x000001ab9921c1c0 DEOPT UNPACKING pc=0x000001aba4074bc2 sp=0x0000009b846faa38 mode 0

Classes loaded (20 events):
Event: 1.474 Loading class sun/nio/fs/WindowsPath$WindowsPathWithAttributes
Event: 1.474 Loading class sun/nio/fs/BasicFileAttributesHolder
Event: 1.474 Loading class sun/nio/fs/BasicFileAttributesHolder done
Event: 1.474 Loading class sun/nio/fs/WindowsPath$WindowsPathWithAttributes done
Event: 1.484 Loading class sun/security/provider/AbstractDrbg$NonceProvider
Event: 1.484 Loading class sun/security/provider/AbstractDrbg$NonceProvider done
Event: 1.488 Loading class java/io/StringReader
Event: 1.488 Loading class java/io/StringReader done
Event: 1.489 Loading class java/util/NoSuchElementException
Event: 1.489 Loading class java/util/NoSuchElementException done
Event: 1.490 Loading class java/lang/NoSuchFieldError
Event: 1.490 Loading class java/lang/NoSuchFieldError done
Event: 1.492 Loading class java/util/function/IntUnaryOperator
Event: 1.492 Loading class java/util/function/IntUnaryOperator done
Event: 1.499 Loading class java/util/stream/Streams$IntStreamBuilderImpl
Event: 1.500 Loading class java/util/stream/IntStream$Builder
Event: 1.500 Loading class java/util/stream/IntStream$Builder done
Event: 1.500 Loading class java/util/stream/Streams$IntStreamBuilderImpl done
Event: 1.511 Loading class java/util/ArrayList$ListItr
Event: 1.511 Loading class java/util/ArrayList$ListItr done

Classes unloaded (0 events):
No events

Classes redefined (1 events):
Event: 15558.266 Thread 0x000001abb3a04120 redefined class name=test.com.sqa.lab.ShiftCipherEncryptionTest, count=1

Internal exceptions (20 events):
Event: 1.414 Thread 0x000001ab9921c1c0 Exception <a 'java/lang/NoSuchMethodError'{0x0000000712610d98}: 'int java.lang.invoke.DirectMethodHandle$Holder.invokeStaticInit(java.lang.Object, double, double)'> (0x0000000712610d98) 
thrown [s\src\hotspot\share\interpreter\linkResolver.cpp, line 773]
Event: 1.414 Thread 0x000001ab9921c1c0 Exception <a 'java/lang/NoSuchMethodError'{0x0000000712615898}: 'int java.lang.invoke.DirectMethodHandle$Holder.invokeStatic(java.lang.Object, long)'> (0x0000000712615898) 
thrown [s\src\hotspot\share\interpreter\linkResolver.cpp, line 773]
Event: 1.418 Thread 0x000001ab9921c1c0 Exception <a 'java/lang/NoSuchMethodError'{0x0000000712634db8}: 'int java.lang.invoke.Invokers$Holder.linkToTargetMethod(java.lang.Object, java.lang.Object)'> (0x0000000712634db8) 
thrown [s\src\hotspot\share\interpreter\linkResolver.cpp, line 773]
Event: 1.422 Thread 0x000001ab9921c1c0 Exception <a 'java/lang/NoSuchMethodError'{0x00000007126514d0}: 'java.lang.Object java.lang.invoke.DirectMethodHandle$Holder.invokeStatic(java.lang.Object, int, java.lang.Object, java.lang.Object)'> (0x00000007126514d0) 
thrown [s\src\hotspot\share\interpreter\linkResolver.cpp, line 773]
Event: 1.422 Thread 0x000001ab9921c1c0 Exception <a 'java/lang/NoSuchMethodError'{0x0000000712655900}: 'java.lang.Object java.lang.invoke.DirectMethodHandle$Holder.invokeSpecial(java.lang.Object, java.lang.Object, int, java.lang.Object, java.lang.Object)'> (0x0000000712655900) 
thrown [s\src\hotspot\share\interpreter\linkResolver.cpp, line 773]
Event: 1.422 Thread 0x000001ab9921c1c0 Exception <a 'java/lang/NoSuchMethodError'{0x00000007126597f0}: 'java.lang.Object java.lang.invoke.DelegatingMethodHandle$Holder.delegate(java.lang.Object, int, java.lang.Object, java.lang.Object)'> (0x00000007126597f0) 
thrown [s\src\hotspot\share\interpreter\linkResolver.cpp, line 773]
Event: 1.424 Thread 0x000001ab9921c1c0 Exception <a 'java/lang/NoSuchMethodError'{0x0000000712669c10}: 'int java.lang.invoke.Invokers$Holder.linkToTargetMethod(java.lang.Object, java.lang.Object, java.lang.Object)'> (0x0000000712669c10) 
thrown [s\src\hotspot\share\interpreter\linkResolver.cpp, line 773]
Event: 1.428 Thread 0x000001ab9921c1c0 Exception <a 'java/lang/NoSuchMethodError'{0x00000007126b5868}: 'java.lang.Object java.lang.invoke.DirectMethodHandle$Holder.newInvokeSpecial(java.lang.Object, int, java.lang.Object)'> (0x00000007126b5868) 
thrown [s\src\hotspot\share\interpreter\linkResolver.cpp, line 773]
Event: 1.430 Thread 0x000001ab9921c1c0 Exception <a 'java/lang/NoSuchMethodError'{0x00000007126db7b0}: 'java.lang.Object java.lang.invoke.DirectMethodHandle$Holder.invokeStatic(java.lang.Object, int, java.lang.Object)'> (0x00000007126db7b0) 
thrown [s\src\hotspot\share\interpreter\linkResolver.cpp, line 773]
Event: 1.439 Thread 0x000001ab9921c1c0 Exception <a 'java/lang/NoSuchMethodError'{0x0000000712789810}: 'java.lang.Object java.lang.invoke.DirectMethodHandle$Holder.invokeInterface(java.lang.Object, java.lang.Object, java.lang.Object)'> (0x0000000712789810) 
thrown [s\src\hotspot\share\interpreter\linkResolver.cpp, line 773]
Event: 1.440 Thread 0x000001ab9921c1c0 Exception <a 'java/lang/IncompatibleClassChangeError'{0x000000071278cec8}: Found class java.lang.Object, but interface was expected> (0x000000071278cec8) 
thrown [s\src\hotspot\share\interpreter\linkResolver.cpp, line 840]
Event: 1.441 Thread 0x000001ab9921c1c0 Exception <a 'java/lang/IncompatibleClassChangeError'{0x00000007127a7908}: Found class java.lang.Object, but interface was expected> (0x00000007127a7908) 
thrown [s\src\hotspot\share\interpreter\linkResolver.cpp, line 840]
Event: 1.458 Thread 0x000001ab9921c1c0 Exception <a 'java/lang/NoSuchMethodError'{0x00000007124e39c8}: 'java.lang.Object java.lang.invoke.DirectMethodHandle$Holder.invokeStaticInit(java.lang.Object, int, int, int, int)'> (0x00000007124e39c8) 
thrown [s\src\hotspot\share\interpreter\linkResolver.cpp, line 773]
Event: 1.482 Thread 0x000001ab9921c1c0 Exception <a 'java/lang/NoSuchMethodError'{0x000000071257e538}: 'java.lang.Object java.lang.invoke.DirectMethodHandle$Holder.invokeStaticInit(java.lang.Object, java.lang.Object, int, int, int, int)'> (0x000000071257e538) 
thrown [s\src\hotspot\share\interpreter\linkResolver.cpp, line 773]
Event: 1.492 Thread 0x000001ab9921c1c0 Exception <a 'java/lang/NoSuchMethodError'{0x0000000712215fb8}: 'int java.lang.invoke.DirectMethodHandle$Holder.invokeVirtual(java.lang.Object, java.lang.Object, int)'> (0x0000000712215fb8) 
thrown [s\src\hotspot\share\interpreter\linkResolver.cpp, line 773]
Event: 1.496 Thread 0x000001ab9921c1c0 Exception <a 'java/lang/NoSuchMethodError'{0x0000000712272630}: 'void java.lang.invoke.DirectMethodHandle$Holder.invokeInterface(java.lang.Object, java.lang.Object, java.lang.Object, java.lang.Object, java.lang.Object)'> (0x0000000712272630) 
thrown [s\src\hotspot\share\interpreter\linkResolver.cpp, line 773]
Event: 1.496 Thread 0x000001ab9921c1c0 Exception <a 'java/lang/IncompatibleClassChangeError'{0x00000007122760e0}: Found class java.lang.Object, but interface was expected> (0x00000007122760e0) 
thrown [s\src\hotspot\share\interpreter\linkResolver.cpp, line 840]
Event: 1.496 Thread 0x000001ab9921c1c0 Exception <a 'java/lang/IncompatibleClassChangeError'{0x000000071227a108}: Found class java.lang.Object, but interface was expected> (0x000000071227a108) 
thrown [s\src\hotspot\share\interpreter\linkResolver.cpp, line 840]
Event: 1.509 Thread 0x000001ab9921c1c0 Exception <a 'java/lang/NoSuchMethodError'{0x000000071232c948}: 'java.lang.Object java.lang.invoke.DirectMethodHandle$Holder.invokeInterface(java.lang.Object, java.lang.Object, java.lang.Object, java.lang.Object, java.lang.Object)'> (0x000000071232c948) 
thrown [s\src\hotspot\share\interpreter\linkResolver.cpp, line 773]
Event: 1.509 Thread 0x000001ab9921c1c0 Exception <a 'java/lang/IncompatibleClassChangeError'{0x0000000712330740}: Found class java.lang.Object, but interface was expected> (0x0000000712330740) 
thrown [s\src\hotspot\share\interpreter\linkResolver.cpp, line 840]

ZGC Phase Switch (0 events):
No events

VM Operations (20 events):
Event: 482.159 Executing safepoint VM operation: get/set locals
Event: 482.159 Executing safepoint VM operation: get/set locals done
Event: 482.159 Executing safepoint VM operation: get/set locals
Event: 482.159 Executing safepoint VM operation: get/set locals done
Event: 482.160 Executing safepoint VM operation: get/set locals
Event: 482.160 Executing safepoint VM operation: get/set locals done
Event: 482.161 Executing safepoint VM operation: get/set locals
Event: 482.161 Executing safepoint VM operation: get/set locals done
Event: 15558.238 Executing safepoint VM operation: ChangeSingleStep
Event: 15558.238 Executing safepoint VM operation: ChangeSingleStep done
Event: 15558.239 Executing safepoint VM operation: ChangeSingleStep
Event: 15558.239 Executing safepoint VM operation: ChangeSingleStep done
Event: 15558.247 Executing safepoint VM operation: RedefineClasses
Event: 15558.279 Executing safepoint VM operation: RedefineClasses done
Event: 15558.284 Executing safepoint VM operation: ChangeBreakpoints
Event: 15558.285 Executing safepoint VM operation: ChangeBreakpoints done
Event: 15558.290 Executing safepoint VM operation: ChangeBreakpoints
Event: 15558.291 Executing safepoint VM operation: ChangeBreakpoints done
Event: 15558.294 Executing safepoint VM operation: ChangeSingleStep
Event: 15558.294 Executing safepoint VM operation: ChangeSingleStep done

Memory protections (0 events):
No events

Nmethod flushes (0 events):
No events

Events (20 events):
Event: 0.504 Thread 0x000001ab9921c1c0 Thread added: 0x000001abb4a291e0
Event: 0.504 Thread 0x000001abb49a29d0 Thread added: 0x000001abb49fb3e0
Event: 0.680 Thread 0x000001ab9921c1c0 Thread added: 0x000001abb4b6fa60
Event: 0.790 Thread 0x000001ab9921c1c0 Thread added: 0x000001abb4bebc20
Event: 0.814 Thread 0x000001abb3a2b960 Thread added: 0x000001abfa1bab00
Event: 0.883 Thread 0x000001ab9921c1c0 Thread added: 0x000001abfa0dc8f0
Event: 1.020 Thread 0x000001abb3a2b960 Thread added: 0x000001abfa8f5fd0
Event: 1.028 Thread 0x000001abb48d6d10 Thread added: 0x000001abfa434000
Event: 1.028 Thread 0x000001abb48d6d10 Thread added: 0x000001abfa4346b0
Event: 1.038 Thread 0x000001abb3a2b960 Thread added: 0x000001abfa928490
Event: 1.038 Thread 0x000001abb3a2b960 Thread added: 0x000001abfa928b40
Event: 1.038 Thread 0x000001abb3a2b960 Thread added: 0x000001abfa929a10
Event: 6.519 Thread 0x000001abfa4346b0 Thread exited: 0x000001abfa4346b0
Event: 6.519 Thread 0x000001abfa929a10 Thread exited: 0x000001abfa929a10
Event: 6.519 Thread 0x000001abfa928b40 Thread exited: 0x000001abfa928b40
Event: 6.519 Thread 0x000001abfa434000 Thread exited: 0x000001abfa434000
Event: 11.519 Thread 0x000001abfa928490 Thread exited: 0x000001abfa928490
Event: 11.520 Thread 0x000001abb48d6d10 Thread exited: 0x000001abb48d6d10
Event: 16.527 Thread 0x000001abfa8f5fd0 Thread exited: 0x000001abfa8f5fd0
Event: 16.527 Thread 0x000001abfa1bab00 Thread exited: 0x000001abfa1bab00


Dynamic libraries:
0x00007ff6194a0000 - 0x00007ff6194ae000 	C:\Users\User1\.p2\pool\plugins\org.eclipse.justj.openjdk.hotspot.jre.full.win32.x86_64_21.0.11.v20260515-1531\jre\bin\javaw.exe
0x00007ffc2bea0000 - 0x00007ffc2c106000 	C:\WINDOWS\SYSTEM32\ntdll.dll
0x00007ffc2abb0000 - 0x00007ffc2ac79000 	C:\WINDOWS\System32\KERNEL32.DLL
0x00007ffc29230000 - 0x00007ffc2962e000 	C:\WINDOWS\System32\KERNELBASE.dll
0x00007ffc298f0000 - 0x00007ffc29a3c000 	C:\WINDOWS\System32\ucrtbase.dll
0x00007ffbfa1d0000 - 0x00007ffbfa1e8000 	C:\Users\User1\.p2\pool\plugins\org.eclipse.justj.openjdk.hotspot.jre.full.win32.x86_64_21.0.11.v20260515-1531\jre\bin\jli.dll
0x00007ffbfa1b0000 - 0x00007ffbfa1ce000 	C:\Users\User1\.p2\pool\plugins\org.eclipse.justj.openjdk.hotspot.jre.full.win32.x86_64_21.0.11.v20260515-1531\jre\bin\VCRUNTIME140.dll
0x00007ffc2b310000 - 0x00007ffc2b4d7000 	C:\WINDOWS\System32\USER32.dll
0x00007ffc29ba0000 - 0x00007ffc29bc7000 	C:\WINDOWS\System32\win32u.dll
0x00007ffc09db0000 - 0x00007ffc0a042000 	C:\WINDOWS\WinSxS\amd64_microsoft.windows.common-controls_6595b64144ccf1df_6.0.26100.8875_none_3e0d5d42e32fe9dd\COMCTL32.dll
0x00007ffc2b1a0000 - 0x00007ffc2b1cb000 	C:\WINDOWS\System32\GDI32.dll
0x00007ffc2afc0000 - 0x00007ffc2b069000 	C:\WINDOWS\System32\msvcrt.dll
0x00007ffc297c0000 - 0x00007ffc298ea000 	C:\WINDOWS\System32\gdi32full.dll
0x00007ffc29180000 - 0x00007ffc29223000 	C:\WINDOWS\System32\msvcp_win.dll
0x00007ffc2b2d0000 - 0x00007ffc2b302000 	C:\WINDOWS\System32\IMM32.DLL
0x00007ffc03740000 - 0x00007ffc0374c000 	C:\Users\User1\.p2\pool\plugins\org.eclipse.justj.openjdk.hotspot.jre.full.win32.x86_64_21.0.11.v20260515-1531\jre\bin\vcruntime140_1.dll
0x00007ffbe5760000 - 0x00007ffbe57ed000 	C:\Users\User1\.p2\pool\plugins\org.eclipse.justj.openjdk.hotspot.jre.full.win32.x86_64_21.0.11.v20260515-1531\jre\bin\msvcp140.dll
0x00007ffb749d0000 - 0x00007ffb75772000 	C:\Users\User1\.p2\pool\plugins\org.eclipse.justj.openjdk.hotspot.jre.full.win32.x86_64_21.0.11.v20260515-1531\jre\bin\server\jvm.dll
0x00007ffc2ae00000 - 0x00007ffc2aeb7000 	C:\WINDOWS\System32\ADVAPI32.dll
0x00007ffc2a740000 - 0x00007ffc2a7ea000 	C:\WINDOWS\System32\sechost.dll
0x00007ffc29c40000 - 0x00007ffc29d58000 	C:\WINDOWS\System32\RPCRT4.dll
0x00007ffc29f00000 - 0x00007ffc29f80000 	C:\WINDOWS\System32\WS2_32.dll
0x00007ffc28f20000 - 0x00007ffc28f7e000 	C:\WINDOWS\SYSTEM32\POWRPROF.dll
0x00007ffc20070000 - 0x00007ffc200a6000 	C:\WINDOWS\SYSTEM32\WINMM.dll
0x00007ffc1bb60000 - 0x00007ffc1bb6b000 	C:\WINDOWS\SYSTEM32\VERSION.dll
0x00007ffc28f00000 - 0x00007ffc28f14000 	C:\WINDOWS\SYSTEM32\UMPDC.dll
0x00007ffc27d70000 - 0x00007ffc27d8b000 	C:\WINDOWS\SYSTEM32\kernel.appcore.dll
0x00007ffc21250000 - 0x00007ffc2125a000 	C:\Users\User1\.p2\pool\plugins\org.eclipse.justj.openjdk.hotspot.jre.full.win32.x86_64_21.0.11.v20260515-1531\jre\bin\jimage.dll
0x00007ffc26450000 - 0x00007ffc26692000 	C:\WINDOWS\SYSTEM32\DBGHELP.DLL
0x00007ffc2a7f0000 - 0x00007ffc2ab73000 	C:\WINDOWS\System32\combase.dll
0x00007ffc2bd80000 - 0x00007ffc2be59000 	C:\WINDOWS\System32\OLEAUT32.dll
0x00007ffc20d50000 - 0x00007ffc20d8b000 	C:\WINDOWS\SYSTEM32\dbgcore.DLL
0x00007ffc290c0000 - 0x00007ffc2916c000 	C:\WINDOWS\System32\bcryptPrimitives.dll
0x00007ffc21260000 - 0x00007ffc2129c000 	C:\Users\User1\.p2\pool\plugins\org.eclipse.justj.openjdk.hotspot.jre.full.win32.x86_64_21.0.11.v20260515-1531\jre\bin\jdwp.dll
0x00007ffc21160000 - 0x00007ffc2116f000 	C:\Users\User1\.p2\pool\plugins\org.eclipse.justj.openjdk.hotspot.jre.full.win32.x86_64_21.0.11.v20260515-1531\jre\bin\instrument.dll
0x00007ffc1b5c0000 - 0x00007ffc1b5e0000 	C:\Users\User1\.p2\pool\plugins\org.eclipse.justj.openjdk.hotspot.jre.full.win32.x86_64_21.0.11.v20260515-1531\jre\bin\java.dll
0x00007ffc29fa0000 - 0x00007ffc2a732000 	C:\WINDOWS\System32\SHELL32.dll
0x00007ffc26b20000 - 0x00007ffc273b2000 	C:\WINDOWS\SYSTEM32\windows.storage.dll
0x00007ffc2b1d0000 - 0x00007ffc2b2c7000 	C:\WINDOWS\System32\SHCORE.dll
0x00007ffc2b070000 - 0x00007ffc2b0d7000 	C:\WINDOWS\System32\shlwapi.dll
0x00007ffc28fe0000 - 0x00007ffc29009000 	C:\WINDOWS\SYSTEM32\profapi.dll
0x00007ffc07580000 - 0x00007ffc07598000 	C:\Users\User1\.p2\pool\plugins\org.eclipse.justj.openjdk.hotspot.jre.full.win32.x86_64_21.0.11.v20260515-1531\jre\bin\zip.dll
0x00007ffc21150000 - 0x00007ffc2115c000 	C:\Users\User1\.p2\pool\plugins\org.eclipse.justj.openjdk.hotspot.jre.full.win32.x86_64_21.0.11.v20260515-1531\jre\bin\dt_socket.dll
0x00007ffc27710000 - 0x00007ffc27743000 	C:\WINDOWS\SYSTEM32\IPHLPAPI.DLL
0x00007ffc28300000 - 0x00007ffc2836c000 	C:\WINDOWS\system32\mswsock.dll
0x00007ffc277a0000 - 0x00007ffc278f6000 	C:\WINDOWS\SYSTEM32\DNSAPI.dll
0x00007ffc28120000 - 0x00007ffc2812d000 	C:\WINDOWS\SYSTEM32\DSPARSE.dll
0x00007ffc2adf0000 - 0x00007ffc2adfa000 	C:\WINDOWS\System32\NSI.dll
0x00007ffc1fac0000 - 0x00007ffc1facb000 	C:\Windows\System32\rasadhlp.dll
0x00007ffc21840000 - 0x00007ffc218c6000 	C:\WINDOWS\System32\fwpuclnt.dll
0x00007ffc1b5b0000 - 0x00007ffc1b5c0000 	C:\Users\User1\.p2\pool\plugins\org.eclipse.justj.openjdk.hotspot.jre.full.win32.x86_64_21.0.11.v20260515-1531\jre\bin\net.dll
0x00007ffc20880000 - 0x00007ffc209a7000 	C:\WINDOWS\SYSTEM32\WINHTTP.dll
0x00007ffc05950000 - 0x00007ffc05966000 	C:\Users\User1\.p2\pool\plugins\org.eclipse.justj.openjdk.hotspot.jre.full.win32.x86_64_21.0.11.v20260515-1531\jre\bin\nio.dll
0x00007ffc07570000 - 0x00007ffc07580000 	C:\Users\User1\.p2\pool\plugins\org.eclipse.justj.openjdk.hotspot.jre.full.win32.x86_64_21.0.11.v20260515-1531\jre\bin\verify.dll
0x00007ffbfc190000 - 0x00007ffbfc199000 	C:\Users\User1\.p2\pool\plugins\org.eclipse.justj.openjdk.hotspot.jre.full.win32.x86_64_21.0.11.v20260515-1531\jre\bin\extnet.dll
0x00007ffc285d0000 - 0x00007ffc285eb000 	C:\WINDOWS\SYSTEM32\CRYPTSP.dll
0x00007ffc27cd0000 - 0x00007ffc27d09000 	C:\WINDOWS\system32\rsaenh.dll
0x00007ffc283c0000 - 0x00007ffc283f2000 	C:\WINDOWS\SYSTEM32\USERENV.dll
0x00007ffc28fb0000 - 0x00007ffc28fda000 	C:\WINDOWS\SYSTEM32\bcrypt.dll
0x00007ffc285b0000 - 0x00007ffc285bc000 	C:\WINDOWS\SYSTEM32\CRYPTBASE.dll

JVMTI agents:
jdwp path:C:\Users\User1\.p2\pool\plugins\org.eclipse.justj.openjdk.hotspot.jre.full.win32.x86_64_21.0.11.v20260515-1531\jre\bin\jdwp.dll, loaded, initialized, options:transport=dt_socket,suspend=y,address=localhost:57624
C:\Users\User1\eclipse\java-2026-06\eclipse\configuration\org.eclipse.osgi\258\0\.cp\lib\javaagent-shaded.jar path:C:\Users\User1\.p2\pool\plugins\org.eclipse.justj.openjdk.hotspot.jre.full.win32.x86_64_21.0.11.v20260515-1531\jre\bin\instrument.dll, loaded, initialized, instrumentlib options:none

dbghelp: loaded successfully - version: 4.0.5 - missing functions: none
symbol engine: initialized successfully - sym options: 0x614 - pdb path: .;C:\Users\User1\.p2\pool\plugins\org.eclipse.justj.openjdk.hotspot.jre.full.win32.x86_64_21.0.11.v20260515-1531\jre\bin;C:\WINDOWS\SYSTEM32;C:\WINDOWS\WinSxS\amd64_microsoft.windows.common-controls_6595b64144ccf1df_6.0.26100.8875_none_3e0d5d42e32fe9dd;C:\Users\User1\.p2\pool\plugins\org.eclipse.justj.openjdk.hotspot.jre.full.win32.x86_64_21.0.11.v20260515-1531\jre\bin\server

VM Arguments:
jvm_args: -XX:+ShowCodeDetailsInExceptionMessages -agentlib:jdwp=transport=dt_socket,suspend=y,address=localhost:57624 -ea -javaagent:C:\Users\User1\eclipse\java-2026-06\eclipse\configuration\org.eclipse.osgi\258\0\.cp\lib\javaagent-shaded.jar -Dfile.encoding=UTF-8 -Dstdout.encoding=UTF-8 -Dstderr.encoding=UTF-8 
java_command: org.eclipse.jdt.internal.junit.runner.RemoteTestRunner -version 3 -port 57623 -testLoaderClass org.eclipse.jdt.internal.junit6.runner.JUnit6TestLoader -loaderpluginname org.eclipse.jdt.junit6.runtime -test test.com.sqa.lab.ShiftCipherEncryptionTest:testEncryptInvalidInput(java.lang.String,int) -uniqueId [engine:junit-jupiter]/[class:test.com.sqa.lab.ShiftCipherEncryptionTest]/[test-template:testEncryptInvalidInput(java.lang.String, int)]/[test-template-invocation:#2]
java_class_path (initial): D:\Levto\Com Sci KKU\SQA\SQA_Lab5\SQA_Lab5\ShiftCipher\bin;C:\Users\User1\.p2\pool\plugins\junit-jupiter-api_6.1.0.jar;C:\Users\User1\.p2\pool\plugins\junit-jupiter-engine_6.1.0.jar;C:\Users\User1\.p2\pool\plugins\junit-jupiter-params_6.1.0.jar;C:\Users\User1\.p2\pool\plugins\junit-platform-commons_6.1.0.jar;C:\Users\User1\.p2\pool\plugins\junit-platform-engine_6.1.0.jar;C:\Users\User1\.p2\pool\plugins\junit-platform-launcher_6.1.0.jar;C:\Users\User1\.p2\pool\plugins\junit-platform-suite-api_6.1.0.jar;C:\Users\User1\.p2\pool\plugins\junit-platform-suite-engine_6.1.0.jar;C:\Users\User1\.p2\pool\plugins\org.opentest4j_1.3.0.jar;C:\Users\User1\.p2\pool\plugins\org.apiguardian.api_1.1.2.jar;C:\Users\User1\.p2\pool\plugins\org.hamcrest_3.0.0.jar;C:\Users\User1\eclipse\java-2026-06\eclipse\configuration\org.eclipse.osgi\257\0\.cp;C:\Users\User1\eclipse\java-2026-06\eclipse\configuration\org.eclipse.osgi\254\0\.cp
Launcher Type: SUN_STANDARD

[Global flags]
     intx CICompilerCount                          = 12                                        {product} {ergonomic}
     uint ConcGCThreads                            = 4                                         {product} {ergonomic}
     uint G1ConcRefinementThreads                  = 15                                        {product} {ergonomic}
   size_t G1HeapRegionSize                         = 2097152                                   {product} {ergonomic}
    uintx GCDrainStackTargetSize                   = 64                                        {product} {ergonomic}
   size_t InitialHeapSize                          = 264241152                                 {product} {ergonomic}
   size_t MarkStackSize                            = 4194304                                   {product} {ergonomic}
   size_t MaxHeapSize                              = 4215275520                                {product} {ergonomic}
   size_t MaxNewSize                               = 2529165312                                {product} {ergonomic}
   size_t MinHeapDeltaBytes                        = 2097152                                   {product} {ergonomic}
   size_t MinHeapSize                              = 8388608                                   {product} {ergonomic}
    uintx NonNMethodCodeHeapSize                   = 7602480                                {pd product} {ergonomic}
    uintx NonProfiledCodeHeapSize                  = 122027880                              {pd product} {ergonomic}
    uintx ProfiledCodeHeapSize                     = 122027880                              {pd product} {ergonomic}
    uintx ReservedCodeCacheSize                    = 251658240                              {pd product} {ergonomic}
     bool SegmentedCodeCache                       = true                                      {product} {ergonomic}
     bool ShowCodeDetailsInExceptionMessages       = true                                   {manageable} {command line}
   size_t SoftMaxHeapSize                          = 4215275520                             {manageable} {ergonomic}
     bool UseCompressedOops                        = true                           {product lp64_product} {ergonomic}
     bool UseG1GC                                  = true                                      {product} {ergonomic}
     bool UseLargePagesIndividualAllocation        = false                                  {pd product} {ergonomic}

Logging:
Log output configuration:
 #0: stdout all=warning uptime,level,tags foldmultilines=false
 #1: stderr all=off uptime,level,tags foldmultilines=false

Release file:
JAVA_VERSION="21.0.11" 
MODULES="java.base java.compiler java.datatransfer java.xml java.prefs java.desktop java.instrument java.logging java.management java.security.sasl java.naming java.rmi java.management.rmi java.net.http java.scripting java.security.jgss java.transaction.xa java.sql java.sql.rowset java.xml.crypto java.se java.smartcardio jdk.accessibility jdk.internal.jvmstat jdk.attach jdk.charsets jdk.internal.opt jdk.zipfs jdk.compiler jdk.crypto.ec jdk.crypto.cryptoki jdk.crypto.mscapi jdk.dynalink jdk.internal.ed jdk.editpad jdk.hotspot.agent jdk.httpserver jdk.internal.le jdk.internal.vm.ci jdk.internal.vm.compiler jdk.internal.vm.compiler.management jdk.jartool jdk.javadoc jdk.jcmd jdk.management jdk.management.agent jdk.jconsole jdk.jdeps jdk.jdwp.agent jdk.jdi jdk.jfr jdk.jshell jdk.jsobject jdk.jstatd jdk.localedata jdk.management.jfr jdk.naming.dns jdk.naming.rmi jdk.net jdk.nio.mapmode jdk.random jdk.sctp jdk.security.auth jdk.security.jgss jdk.unsupported jdk.unsupported.desktop jdk.xml.dom" 

Environment Variables:
JAVA_HOME=C:\Program Files\Java\jdk-26.0.1
PATH=C:\Users\User1\.p2\pool\plugins\org.eclipse.justj.openjdk.hotspot.jre.full.win32.x86_64_21.0.11.v20260515-1531\jre\bin;C:/Users/User1/.p2/pool/plugins/org.eclipse.justj.openjdk.hotspot.jre.full.win32.x86_64_21.0.11.v20260515-1531/jre/bin/server;C:/Users/User1/.p2/pool/plugins/org.eclipse.justj.openjdk.hotspot.jre.full.win32.x86_64_21.0.11.v20260515-1531/jre/bin;C:\Program Files\Common Files\Oracle\Java\javapath;C:\Program Files (x86)\Common Files\Intel\Shared Libraries\redist\intel64\compiler;C:\windows\system32;C:\windows;C:\windows\System32\Wbem;C:\windows\System32\WindowsPowerShell\v1.0\;C:\windows\System32\OpenSSH\;C:\Program Files (x86)\NVIDIA Corporation\PhysX\Common;C:\Users\Administrator\AppData\Local\Microsoft\WindowsApps;C:\Program Files\HP\OMEN-Broadcast\Common;C:\WINDOWS\system32;C:\WINDOWS;C:\WINDOWS\System32\Wbem;C:\WINDOWS\System32\WindowsPowerShell\v1.0\;C:\WINDOWS\System32\OpenSSH\;C:\Program Files\NVIDIA Corporation\NVIDIA App\NvDLISR;C:\Program Files\Java\jdk-26.0.1\bin;C:\Program Files\apache-maven-3.9.16\bin;C:\Program Files\Git\cmd;C:\Program Files\dotnet\;C:\Users\User1\.local\bin;C:\Users\User1\AppData\Local\Microsoft\WindowsApps;C:\Users\User1\AppData\Local\Programs\Microsoft VS Code\bin;C:\Users\User1\AppData\Local\GitHubDesktop\bin;C:\WINDOWS\System32;
USERNAME=User1
OS=Windows_NT
PROCESSOR_IDENTIFIER=Intel64 Family 6 Model 191 Stepping 2, GenuineIntel
TMP=C:\Users\User1\AppData\Local\Temp
TEMP=C:\Users\User1\AppData\Local\Temp




Periodic native trim disabled

---------------  S Y S T E M  ---------------

OS:
 Windows 11 , 64 bit Build 26100 (10.0.26100.8875)
OS uptime: 6 days 16:35 hours
Hyper-V role detected

CPU: total 20 (initial active 20) (10 cores per cpu, 2 threads per core) family 6 model 191 stepping 2 microcode 0x3e, cx8, cmov, fxsr, ht, mmx, 3dnowpref, sse, sse2, sse3, ssse3, sse4.1, sse4.2, popcnt, lzcnt, tsc, tscinvbit, avx, avx2, aes, erms, clmul, bmi1, bmi2, adx, sha, fma, vzeroupper, clflush, clflushopt, clwb, hv, serialize, rdtscp, rdpid, fsrm, f16c, cet_ibt, cet_ss
Processor Information for processor 0
  Max Mhz: 2500, Current Mhz: 2500, Mhz Limit: 2500
Processor Information for processor 1
  Max Mhz: 2500, Current Mhz: 2500, Mhz Limit: 2500
Processor Information for processor 2
  Max Mhz: 2500, Current Mhz: 2500, Mhz Limit: 2500
Processor Information for processor 3
  Max Mhz: 2500, Current Mhz: 2500, Mhz Limit: 2500
Processor Information for processor 4
  Max Mhz: 2500, Current Mhz: 2500, Mhz Limit: 2500
Processor Information for processor 5
  Max Mhz: 2500, Current Mhz: 1532, Mhz Limit: 2500
Processor Information for processor 6
  Max Mhz: 2500, Current Mhz: 2500, Mhz Limit: 2500
Processor Information for processor 7
  Max Mhz: 2500, Current Mhz: 2500, Mhz Limit: 2500
Processor Information for processor 8
  Max Mhz: 2500, Current Mhz: 2500, Mhz Limit: 2500
Processor Information for processor 9
  Max Mhz: 2500, Current Mhz: 2500, Mhz Limit: 2500
Processor Information for processor 10
  Max Mhz: 2500, Current Mhz: 2500, Mhz Limit: 2500
Processor Information for processor 11
  Max Mhz: 2500, Current Mhz: 2500, Mhz Limit: 2500
Processor Information for processor 12
  Max Mhz: 2500, Current Mhz: 2500, Mhz Limit: 2500
Processor Information for processor 13
  Max Mhz: 2500, Current Mhz: 2500, Mhz Limit: 2500
Processor Information for processor 14
  Max Mhz: 2500, Current Mhz: 1527, Mhz Limit: 2500
Processor Information for processor 15
  Max Mhz: 2500, Current Mhz: 2500, Mhz Limit: 2500
Processor Information for processor 16
  Max Mhz: 2500, Current Mhz: 2500, Mhz Limit: 2500
Processor Information for processor 17
  Max Mhz: 2500, Current Mhz: 2500, Mhz Limit: 2500
Processor Information for processor 18
  Max Mhz: 2500, Current Mhz: 2500, Mhz Limit: 2500
Processor Information for processor 19
  Max Mhz: 2500, Current Mhz: 2500, Mhz Limit: 2500

Memory: 4k page, system-wide physical 16077M (4047M free)
TotalPageFile size 25805M (AvailPageFile size 7850M)
current process WorkingSet (physical memory assigned to process): 73M, peak: 188M
current process commit charge ("private bytes"): 369M, peak: 457M

vm_info: OpenJDK 64-Bit Server VM (21.0.11+10-LTS) for windows-amd64 JRE (21.0.11+10-LTS), built on 2026-04-21T00:00:00Z by "admin" with MS VC++ 17.12 (VS2022)

END.
